154.0.8037.59
UTC: 2026-10-01 13:35:11 
R: R version 4.6.0 (2026-04-24 ucrt) 
Chrome path: C:/Program Files/Google/Chrome/Application/chrome.exe 
CI: true GITHUB_ACTIONS: true 
chromote version: 0.5.1 
chromote.timeout (effective): 10 
chromote options:
named list()
Default chrome args:
[1] "--disable-gpu"              "--no-sandbox"              
[3] "--disable-dev-shm-usage"    "--force-color-profile=srgb"
[5] "--disable-extensions"       "--mute-audio"              
Headless mode:
[1] "--headless"
No issues found -- the project is in a consistent state.
             Package        Version 
renv         "renv"         "1.2.3" 
shiny        "shiny"        "1.14.0"
plotly       "plotly"       "4.12.0"
bslib        "bslib"        "0.11.0"
DT           "DT"           "0.34.0"
ggplot2      "ggplot2"      "4.0.3" 
ggfortify    "ggfortify"    "0.4.19"
lme4         "lme4"         "2.0-6" 
jsonlite     "jsonlite"     "2.0.0" 
shinyWidgets "shinyWidgets" "0.9.1" 
shinyAce     "shinyAce"     "0.4.4" 
testthat     "testthat"     "3.3.2" 
shinytest2   "shinytest2"   "0.5.1" 
chromote     "chromote"     "0.5.1" 
yaml         "yaml"         "2.3.12"
             Built                                                          
renv         "R 4.6.0; ; 2026-08-10 11:01:10 UTC; windows"                  
shiny        "R 4.6.1; ; 2026-08-07 02:38:32 UTC; windows"                  
plotly       "R 4.6.1; ; 2026-07-04 03:47:58 UTC; windows"                  
bslib        "R 4.6.0; ; 2026-08-10 11:04:04 UTC; windows"                  
DT           "R 4.6.1; ; 2026-08-07 03:20:20 UTC; windows"                  
ggplot2      "R 4.6.1; ; 2026-08-07 02:17:28 UTC; windows"                  
ggfortify    "R 4.6.1; ; 2026-07-16 03:37:08 UTC; windows"                  
lme4         "R 4.6.1; x86_64-w64-mingw32; 2026-08-07 02:17:34 UTC; windows"
jsonlite     "R 4.6.1; x86_64-w64-mingw32; 2026-08-07 00:42:43 UTC; windows"
shinyWidgets "R 4.6.1; ; 2026-08-07 02:59:01 UTC; windows"                  
shinyAce     "R 4.6.1; ; 2026-08-07 02:59:13 UTC; windows"                  
testthat     "R 4.6.1; x86_64-w64-mingw32; 2026-08-07 02:59:00 UTC; windows"
shinytest2   "R 4.6.1; x86_64-w64-mingw32; 2026-07-16 03:12:39 UTC; windows"
chromote     "R 4.6.1; ; 2026-07-16 02:22:39 UTC; windows"                  
yaml         "R 4.6.1; x86_64-w64-mingw32; 2026-08-07 00:42:43 UTC; windows"
Running "C:/Program Files/Google/Chrome/Application/chrome.exe" --headless \
  "--remote-debugging-port=3829" \
  "--remote-allow-origins=http://127.0.0.1:3829" \
  "--crash-dumps-dir=C:\Users\ktubi\AppData\Local\Temp\RtmpGCcVTi\chrome-8e4877e522db-crashpad" \
  --disable-gpu --no-sandbox --disable-dev-shm-usage \
  "--force-color-profile=srgb" --disable-extensions --mute-audio
$protocolVersion
[1] "1.3"

$product
[1] "Chrome/154.0.8037.59"

$revision
[1] "@b5a24985a2f5ed35909845221b7203c5d8995c8f"

$userAgent
[1] "Mozilla/5.0 (Windows NT 10.0; Win64; x64) AppleWebKit/537.36 (KHTML, like Gecko) HeadlessChrome/154.0.0.0 Safari/537.36"

$jsVersion
[1] "15.4.80.11"

PREFLIGHT_SUCCESS
PREFLIGHT_ELAPSED_SECONDS: 10.24 
CHROME_LOG: C:\Users\ktubi\AppData\Local\Temp\RtmpGCcVTi/chrome-8e4877e522db-stderr.log 

DevTools listening on ws://127.0.0.1:3829/devtools/browser/e0d5481b-54c0-4f63-b169-6053eaa5bd43
CHROME_LOG: C:\Users\ktubi\AppData\Local\Temp\RtmpGCcVTi/chrome-8e4877e522db-stdout.log 

