Tracing function "app_init_browser_log" in package
"namespace:shinytest2"
{"elapsed":0.44,"kind":"runtime","value":{"R":"R version 4.6.0 (2026-04-24 ucrt)","commit":"","chromote":"0.5.1","shinytest2":"0.5.1","chrome_path":"C:/Program Files/Google/Chrome/Application/chrome.exe","startup_timeout":10,"sass_cache":"C:\\Users\\ktubi\\AppData\\Local\\Temp\\Rtmp0G3Bb1\\lmplot-diagnostic-sass-9ee810e83055"}} 
Running "C:/Program Files/Google/Chrome/Application/chrome.exe" --headless \
  "--remote-debugging-port=35446" \
  "--remote-allow-origins=http://127.0.0.1:35446" \
  "--crash-dumps-dir=C:\Users\ktubi\AppData\Local\Temp\Rtmp0G3Bb1\chrome-9ee85a5b279a-crashpad" \
  --disable-gpu --no-sandbox --disable-dev-shm-usage \
  "--force-color-profile=srgb" --disable-extensions --mute-audio
{"elapsed":15.53,"kind":"session","value":{"default_timeout":10}} 
{"elapsed":15.58,"kind":"request","value":{"id":"C24D241B100C8B2F76A152369E927C21","type":"Document","url":"http://127.0.0.1:6268/","timestamp":928892.6703}} 
{"elapsed":20.83,"kind":"response","value":{"id":"C24D241B100C8B2F76A152369E927C21","type":"Document","url":"http://127.0.0.1:6268/","status":200,"timestamp":928897.9107,"timing":{"requestTime":928892.6711,"proxyStart":-1,"proxyEnd":-1,"dnsStart":-1,"dnsEnd":-1,"connectStart":-1,"connectEnd":-1,"sslStart":-1,"sslEnd":-1,"workerStart":-1,"workerReady":-1,"workerFetchStart":-1,"workerRespondWithSettled":-1,"sendStart":0.504,"sendEnd":0.723,"pushStart":0,"pushEnd":0,"receiveHeadersStart":5238.108,"receiveHeadersEnd":5238.299}}} 
{"elapsed":23.11,"kind":"request","value":{"id":"12552.230","type":"Script","url":"http://127.0.0.1:6268/ionrangeslider-javascript-2.3.1/js/ion.rangeSlider.min.js","timestamp":928900.1892}} 
{"elapsed":23.12,"kind":"response","value":{"id":"12552.229","type":"Other","url":"http://127.0.0.1:6268/favicon.ico","status":404,"timestamp":928900.2045,"timing":{"requestTime":928898.2512,"proxyStart":-1,"proxyEnd":-1,"dnsStart":-1,"dnsEnd":-1,"connectStart":-1,"connectEnd":-1,"sslStart":-1,"sslEnd":-1,"workerStart":-1,"workerReady":-1,"workerFetchStart":-1,"workerRespondWithSettled":-1,"sendStart":0.673,"sendEnd":0.811,"pushStart":0,"pushEnd":0,"receiveHeadersStart":1943.975,"receiveHeadersEnd":1947.477}}} 
{"elapsed":23.14,"kind":"response","value":{"id":"12552.230","type":"Script","url":"http://127.0.0.1:6268/ionrangeslider-javascript-2.3.1/js/ion.rangeSlider.min.js","status":200,"timestamp":928900.2059,"timing":{"requestTime":928900.1902,"proxyStart":-1,"proxyEnd":-1,"dnsStart":-1,"dnsEnd":-1,"connectStart":-1,"connectEnd":-1,"sslStart":-1,"sslEnd":-1,"workerStart":-1,"workerReady":-1,"workerFetchStart":-1,"workerRespondWithSettled":-1,"sendStart":0.515,"sendEnd":0.745,"pushStart":0,"pushEnd":0,"receiveHeadersStart":1.637,"receiveHeadersEnd":4.51}}} 
{"elapsed":23.14,"kind":"request","value":{"id":"12552.231","type":"Script","url":"http://127.0.0.1:6268/strftime-0.9.2/strftime-min.js","timestamp":928900.2082}} 
{"elapsed":23.15,"kind":"response","value":{"id":"12552.231","type":"Script","url":"http://127.0.0.1:6268/strftime-0.9.2/strftime-min.js","status":200,"timestamp":928900.2167,"timing":{"requestTime":928900.2089,"proxyStart":-1,"proxyEnd":-1,"dnsStart":-1,"dnsEnd":-1,"connectStart":-1,"connectEnd":-1,"sslStart":-1,"sslEnd":-1,"workerStart":-1,"workerReady":-1,"workerFetchStart":-1,"workerRespondWithSettled":-1,"sendStart":1.455,"sendEnd":1.651,"pushStart":0,"pushEnd":0,"receiveHeadersStart":2.271,"receiveHeadersEnd":3.516}}} 
{"elapsed":23.23,"kind":"request","value":{"id":"12552.232","type":"Stylesheet","url":"http://127.0.0.1:6268/ionRangeSlider-2.3.1/ionRangeSlider.css","timestamp":928900.2183}} 
{"elapsed":23.26,"kind":"response","value":{"id":"12552.232","type":"Stylesheet","url":"http://127.0.0.1:6268/ionRangeSlider-2.3.1/ionRangeSlider.css","status":200,"timestamp":928900.2991,"timing":{"requestTime":928900.2191,"proxyStart":-1,"proxyEnd":-1,"dnsStart":-1,"dnsEnd":-1,"connectStart":-1,"connectEnd":-1,"sslStart":-1,"sslEnd":-1,"workerStart":-1,"workerReady":-1,"workerFetchStart":-1,"workerRespondWithSettled":-1,"sendStart":0.637,"sendEnd":0.823,"pushStart":0,"pushEnd":0,"receiveHeadersStart":1.531,"receiveHeadersEnd":2.232}}} 
{"elapsed":23.33,"kind":"app_ready","value":{"protocolVersion":"1.3","product":"Chrome/154.0.8037.59","revision":"@b5a24985a2f5ed35909845221b7203c5d8995c8f","userAgent":"Mozilla/5.0 (Windows NT 10.0; Win64; x64) AppleWebKit/537.36 (KHTML, like Gecko) HeadlessChrome/154.0.0.0 Safari/537.36","jsVersion":"15.4.80.11"}} 
{shinytest2} R  info      16:20:46.38 Start AppDriver initialization
{shinytest2} R  info      16:20:46.84 Starting Shiny app
{shinytest2} R  info      16:20:57.97 Creating new ChromoteSession
{shinytest2} R  info      16:21:00.90 Navigating to Shiny app
{shinytest2} R  info      16:21:06.17 Injecting shiny-tracer.js
{chromote}   JS info      16:21:06.43 shinytest2; jQuery found
{chromote}   JS info      16:21:06.43 shinytest2; Waiting for shiny session to connect
{chromote}   JS info      16:21:06.43 shinytest2; Loaded
{chromote}   JS websocket 16:21:06.55 send {"method":"init","data":{"configuration-generate:bslib.taskbutton":{"value":0,"autoReset":true},"main_nav_tabs":"overview","overview-guided_interpretation-show:shiny.action":0,"brain-previous:shiny.action":0,"brain-next:shiny.action":0,"brain-prediction_mode":"conditional","configuration-data_source":"simulation","configuration-model_type":"lm_2d","brain-observation_index:shiny.number":1,".clientdata_output_analysis_status-status_hidden":false,".clientdata_output_analysis_status-error_hidden":false,".clientdata_output_overview-metrics_hidden":false,".clientdata_output_overview-surface_ui_hidden":false,".clientdata_output_overview-main_plot_hidden":false,".clientdata_output_overview-main_plot_width":590,".clientdata_output_overview-main_plot_height":400,".clientdata_output_overview-main_plot_bg":"rgb(255, 255, 255)",".clientdata_output_overview-main_plot_fg":"rgb(29, 31, 33)",".clientdata_output_overview-main_plot_accent":"rgb(0, 123, 194)",".clientdata_output_overview-main_plot_font":{"families":["system-ui","-apple-system","BlinkMacSystemFont","Segoe UI","sans-serif"],"size":"16px"},".clientdata_output_overview-chart_summary_hidden":false,".clientdata_output_overview-observations_table_hidden":false,".clientdata_output_overview-observations_download_hidden":false,".clientdata_output_overview-grid_table_hidden":false,".clientdata_output_overview-grid_download_hidden":false,".clientdata_output_overview-coefficients_hidden":false,".clientdata_output_overview-variable_mapping_hidden":false,".clientdata_output_overview-guided_interpretation-content_hidden":false,".clientdata_output_diagnostics-heading_hidden":true,".clientdata_output_diagnostics-summary_hidden":true,".clientdata_output_diagnostics-checks_hidden":true,".clientdata_output_diagnostics-guidance_hidden":true,".clientdata_output_diagnostics-chart_summary_hidden":true,".clientdata_output_diagnostics-plot_hidden":true,".clientdata_output_diagnostics-plot_bg":"rgb(255, 255, 255)",".clientdata_output_diagnostics-plot_fg":"rgb(29, 31, 33)",".clientdata_output_diagnostics-plot_accent":"rgb(0, 123, 194)",".clientdata_output_diagnostics-plot_font":{"families":["system-ui","-apple-system","BlinkMacSystemFont","Segoe UI","sans-serif"],"size":"16px"},".clientdata_output_diagnostics-chart_table_hidden":true,".clientdata_output_diagnostics-chart_download_hidden":true,".clientdata_output_brain-observation_summary_hidden":true,".clientdata_output_brain-index_error_hidden":true,".clientdata_output_brain-equation_summary_hidden":true,".clientdata_output_brain-equation_table_hidden":true,".clientdata_output_brain-equation_download_hidden":true,".clientdata_output_brain-contribution_summary_hidden":true,".clientdata_output_brain-contribution_plot_hidden":true,".clientdata_output_brain-contribution_plot_bg":"rgb(255, 255, 255)",".clientdata_output_brain-contribution_plot_fg":"rgb(29, 31, 33)",".clientdata_output_brain-contribution_plot_accent":"rgb(0, 123, 194)",".clientdata_output_brain-contribution_plot_font":{"families":["system-ui","-apple-system","BlinkMacSystemFont","Segoe UI","sans-serif"],"size":"16px"},".clientdata_output_brain-contribution_table_hidden":true,".clientdata_output_brain-contribution_download_hidden":true,".clientdata_output_brain-link_summary_hidden":true,".clientdata_output_brain-link_plot_hidden":true,".clientdata_output_brain-link_plot_bg":"rgb(255, 255, 255)",".clientdata_output_brain-link_plot_fg":"rgb(29, 31, 33)",".clientdata_output_brain-link_plot_accent":"rgb(0, 123, 194)",".clientdata_output_brain-link_plot_font":{"families":["system-ui","-apple-system","BlinkMacSystemFont","Segoe UI","sans-serif"],"size":"16px"},".clientdata_output_brain-link_table_hidden":true,".clientdata_output_brain-link_download_hidden":true,".clientdata_output_brain-coefficient_summary_hidden":true,".clientdata_output_brain-coefficient_plot_hidden":true,".clientdata_output_brain-coefficient_plot_bg":"rgb(255, 255, 255)",".clientdata_output_brain-coefficient_plot_fg":"rgb(29, 31, 33)",".clientdata_output_brain-coefficient_plot_accent":"rgb(0, 123, 194)",".clientdata_output_brain-coefficient_plot_font":{"families":["system-ui","-apple-system","BlinkMacSystemFont","Segoe UI","sans-serif"],"size":"16px"},".clientdata_output_brain-coefficient_table_hidden":true,".clientdata_output_brain-coefficient_download_hidden":true,".clientdata_output_brain-random_summary_hidden":true,".clientdata_output_brain-random_plot_hidden":true,".clientdata_output_brain-random_plot_bg":"rgb(255, 255, 255)",".clientdata_output_brain-random_plot_fg":"rgb(29, 31, 33)",".clientdata_output_brain-random_plot_accent":"rgb(0, 123, 194)",".clientdata_output_brain-random_plot_font":{"families":["system-ui","-apple-system","BlinkMacSystemFont","Segoe UI","sans-serif"],"size":"16px"},".clientdata_output_brain-random_table_hidden":true,".clientdata_output_brain-random_download_hidden":true,".clientdata_output_data_provenance-provenance_hidden":true,".clientdata_output_data_provenance-download_hidden":true,".clientdata_output_data_provenance-table_hidden":true,".clientdata_output_data_provenance-code_hidden":true,".clientdata_output_configuration-link_ui_hidden":false,".clientdata_output_configuration-simulation-controls_ui_hidden":true,".clientdata_output_configuration-example_preview_hidden":false,".clientdata_pixelratio":1,".clientdata_url_protocol":"http:",".clientdata_url_hostname":"127.0.0.1",".clientdata_url_port":"6268",".clientdata_url_pathname":"/",".clientdata_url_search":"",".clientdata_url_hash_initial":"",".clientdata_url_hash":"",".clientdata_singletons":""}}
{chromote}   JS websocket 16:21:06.55 send {"method":"update","data":{".clientdata_output_configuration-simulation-controls_ui_hidden":false}}
{chromote}   JS websocket 16:21:06.56 recv {"config":{"workerId":"","sessionId":"9743972695dabaeedbd370abc5b0add2","user":null}}
{chromote}   JS info      16:21:06.56 shinytest2; Connected
{shinytest2} R  info      16:21:06.56 Waiting for Shiny to become ready
{shinytest2} R  info      16:21:06.57 Waiting for Shiny to become idle for 200ms within 1e+05ms
{chromote}   JS info      16:21:06.58 shinytest2; Waiting for Shiny to be stable
{chromote}   JS websocket 16:21:06.63 recv {"busy":"busy"}
{chromote}   JS info      16:21:06.63 shinytest2; shiny:busy
{chromote}   JS websocket 16:21:07.36 recv {"recalculating":{"name":"configuration-link_ui","status":"recalculating"}}
{chromote}   JS websocket 16:21:07.37 recv {"recalculating":{"name":"configuration-link_ui","status":"recalculated"}}
{chromote}   JS websocket 16:21:07.37 recv {"recalculating":{"name":"configuration-example_preview","status":"recalculating"}}
{chromote}   JS websocket 16:21:07.38 recv {"recalculating":{"name":"configuration-example_preview","status":"recalculated"}}
{chromote}   JS websocket 16:21:07.38 recv {"recalculating":{"name":"analysis_status-error","status":"recalculating"}}
{chromote}   JS websocket 16:21:07.39 recv {"recalculating":{"name":"analysis_status-error","status":"recalculated"}}
{chromote}   JS websocket 16:21:07.39 recv {"recalculating":{"name":"analysis_status-status","status":"recalculating"}}
{chromote}   JS websocket 16:21:07.40 recv {"recalculating":{"name":"analysis_status-status","status":"recalculated"}}
{chromote}   JS websocket 16:21:07.41 recv {"recalculating":{"name":"overview-metrics","status":"recalculating"}}
{chromote}   JS websocket 16:21:07.41 recv {"recalculating":{"name":"overview-metrics","status":"recalculated"}}
{chromote}   JS websocket 16:21:07.41 recv {"recalculating":{"name":"overview-surface_ui","status":"recalculating"}}
{chromote}   JS websocket 16:21:07.41 recv {"recalculating":{"name":"overview-surface_ui","status":"recalculated"}}
{chromote}   JS websocket 16:21:07.42 recv {"recalculating":{"name":"overview-main_plot","status":"recalculating"}}
{chromote}   JS websocket 16:21:07.42 recv {"recalculating":{"name":"overview-main_plot","status":"recalculated"}}
{chromote}   JS websocket 16:21:07.43 recv {"recalculating":{"name":"overview-chart_summary","status":"recalculating"}}
{chromote}   JS websocket 16:21:07.43 recv {"recalculating":{"name":"overview-chart_summary","status":"recalculated"}}
{chromote}   JS websocket 16:21:07.43 recv {"recalculating":{"name":"overview-observations_table","status":"recalculating"}}
{chromote}   JS websocket 16:21:07.44 recv {"recalculating":{"name":"overview-observations_table","status":"recalculated"}}
{chromote}   JS websocket 16:21:07.45 recv {"recalculating":{"name":"overview-observations_download","status":"recalculating"}}
{chromote}   JS websocket 16:21:07.45 recv {"recalculating":{"name":"overview-observations_download","status":"recalculated"}}
{chromote}   JS websocket 16:21:07.45 recv {"recalculating":{"name":"overview-grid_table","status":"recalculating"}}
{chromote}   JS websocket 16:21:07.45 recv {"recalculating":{"name":"overview-grid_table","status":"recalculated"}}
{chromote}   JS websocket 16:21:07.46 recv {"recalculating":{"name":"overview-grid_download","status":"recalculating"}}
{chromote}   JS websocket 16:21:07.46 recv {"recalculating":{"name":"overview-grid_download","status":"recalculated"}}
{chromote}   JS websocket 16:21:07.46 recv {"recalculating":{"name":"overview-coefficients","status":"recalculating"}}
{chromote}   JS websocket 16:21:07.47 recv {"recalculating":{"name":"overview-coefficients","status":"recalculated"}}
{chromote}   JS websocket 16:21:07.47 recv {"recalculating":{"name":"overview-variable_mapping","status":"recalculating"}}
{chromote}   JS websocket 16:21:07.48 recv {"recalculating":{"name":"overview-variable_mapping","status":"recalculated"}}
{chromote}   JS websocket 16:21:07.50 recv {"recalculating":{"name":"overview-guided_interpretation-content","status":"recalculating"}}
{chromote}   JS websocket 16:21:07.52 recv {"recalculating":{"name":"overview-guided_interpretation-content","status":"recalculated"}}
{chromote}   JS websocket 16:21:07.52 recv {"custom":{"brain-controls":{"id":"brain-controls","disabled":true}}}
{chromote}   JS websocket 16:21:07.55 recv {"recalculating":{"name":"brain-has_result","status":"recalculating"}}
{chromote}   JS websocket 16:21:07.55 recv {"recalculating":{"name":"brain-has_result","status":"recalculated"}}
{chromote}   JS websocket 16:21:07.56 recv {"recalculating":{"name":"brain-is_mixed","status":"recalculating"}}
{chromote}   JS websocket 16:21:07.57 recv {"recalculating":{"name":"brain-is_mixed","status":"recalculated"}}
{chromote}   JS websocket 16:21:07.58 recv {"custom":{"brain-index-error":{"id":"brain-observation_index","error_id":"brain-index_error","invalid":false}}}
{chromote}   JS websocket 16:21:07.59 recv {"busy":"idle"}
{chromote}   JS info      16:21:07.59 shinytest2; shiny:idle
{chromote}   JS websocket 16:21:07.60 recv {"errors":{"overview-variable_mapping":{"message":"","call":"NULL","type":["shiny.silent.error","validation"]},"overview-coefficients":{"message":"","call":"NULL","type":["shiny.silent.error","validation"]},"overview-grid_table":{"message":"","call":"NULL","type":["shiny.silent.error","validation"]},"overview-observations_table":{"message":"","call":"NULL","type":["shiny.silent.error","validation"]},"overview-chart_summary":{"message":"","call":"NULL","type":["shiny.silent.error","validation"]},"overview-main_plot":{"message":"","call":"NULL","type":["shiny.silent.error","validation"]}},"values":{"brain-is_mixed":false,"brain-has_result":false,"overview-guided_interpretation-content":{"html":"<p>No analysis yet. Generate a model to see its interpretation.<\/p>","deps":[]},"overview-grid_download":"session/9743972695dabaeedbd370abc5b0add2/download/overview-grid_download?w=","overview-observations_download":"session/9743972695dabaeedbd370abc5b0add2/download/overview-observations_download?w=","overview-surface_ui":null,"overview-metrics":{"html":"<p>No analysis yet. Choose settings and select Generate &amp; fit model.<\/p>","deps":[]},"analysis_status-status":"Choose settings and select Generate & fit model.","analysis_status-error":"","configuration-example_preview":null,"configuration-link_ui":{"html":"<p>\n  Link: \n  identity\n<\/p>\n<input id=\"configuration-link_sel\" type=\"hidden\" value=\"identity\"/>","deps":[]}},"inputMessages":[{"id":"configuration-link_sel","message":{"options":"<option value=\"identity\" selected>identity<\/option>","value":"identity"}},{"id":"brain-prediction_mode","message":{"value":"conditional"}},{"id":"configuration-generate","message":{"state":"ready"}}]}
{chromote}   JS info      16:21:07.60 shinytest2; shiny:value brain-is_mixed
{chromote}   JS info      16:21:07.60 shinytest2; shiny:value brain-has_result
{chromote}   JS info      16:21:07.61 shinytest2; shiny:value overview-guided_interpretation-content
{chromote}   JS info      16:21:07.61 shinytest2; shiny:value overview-grid_download
{chromote}   JS info      16:21:07.62 shinytest2; shiny:value overview-observations_download
{chromote}   JS info      16:21:07.62 shinytest2; shiny:value overview-surface_ui
{chromote}   JS info      16:21:07.62 shinytest2; shiny:value overview-metrics
{chromote}   JS info      16:21:07.62 shinytest2; shiny:value analysis_status-status
{chromote}   JS info      16:21:07.62 shinytest2; shiny:value analysis_status-error
{chromote}   JS info      16:21:07.63 shinytest2; shiny:value configuration-example_preview
{chromote}   JS info      16:21:07.63 shinytest2; shiny:value configuration-link_ui
{chromote}   JS websocket 16:21:07.66 recv {"values":[]}
{chromote}   JS websocket 16:21:07.67 recv {"busy":"busy"}
{chromote}   JS info      16:21:07.67 shinytest2; shiny:busy
{chromote}   JS websocket 16:21:07.67 recv {"recalculating":{"name":"configuration-simulation-controls_ui","status":"recalculating"}}
{chromote}   JS websocket 16:21:08.42 recv {"recalculating":{"name":"configuration-simulation-controls_ui","status":"recalculated"}}
{chromote}   JS websocket 16:21:08.42 recv {"busy":"idle"}
{chromote}   JS info      16:21:08.42 shinytest2; shiny:idle
{chromote}   JS websocket 16:21:08.44 recv {"errors":{},"values":{"configuration-simulation-controls_ui":{"html":"<div class=\"form-group shiny-input-container\">\n  <label class=\"control-label\" id=\"configuration-simulation-pattern-label\" for=\"configuration-simulation-pattern\">Generating relationship<\/label>\n  <div>\n    <select id=\"configuration-simulation-pattern\" class=\"shiny-input-select\"><option value=\"linear\" selected>Linear<\/option>\n<option value=\"quadratic\">Quadratic<\/option>\n<option value=\"cosine\">Periodic (cosine)<\/option>\n<option value=\"heteroscedastic\">Heteroscedastic<\/option><\/select>\n    <script type=\"application/json\" data-for=\"configuration-simulation-pattern\" data-nonempty=\"\">{\"plugins\":[\"selectize-plugin-a11y\"]}<\/script>\n  <\/div>\n<\/div>\n<div class=\"form-group shiny-input-container\">\n  <label class=\"control-label\" id=\"configuration-simulation-n-label\" for=\"configuration-simulation-n\">Sample size<\/label>\n  <input id=\"configuration-simulation-n\" type=\"number\" class=\"shiny-input-number form-control\" value=\"200\" data-update-on=\"change\" min=\"10\" max=\"2000\"/>\n<\/div>\n<div class=\"form-group shiny-input-container\">\n  <label class=\"control-label\" id=\"configuration-simulation-seed-label\" for=\"configuration-simulation-seed\">Seed<\/label>\n  <input id=\"configuration-simulation-seed\" type=\"number\" class=\"shiny-input-number form-control\" value=\"123\" data-update-on=\"change\"/>\n<\/div>\n<div class=\"form-group shiny-input-container\">\n  <label class=\"control-label\" id=\"configuration-simulation-beta0-label\" for=\"configuration-simulation-beta0\">Intercept<\/label>\n  <input class=\"js-range-slider\" id=\"configuration-simulation-beta0\" data-skin=\"shiny\" data-min=\"-3\" data-max=\"5\" data-from=\"2\" data-step=\"0.1\" data-grid=\"true\" data-grid-num=\"10\" data-grid-snap=\"false\" data-prettify-separator=\",\" data-prettify-enabled=\"true\" data-keyboard=\"true\" data-data-type=\"number\"/>\n<\/div>\n<div class=\"form-group shiny-input-container\">\n  <label class=\"control-label\" id=\"configuration-simulation-beta1-label\" for=\"configuration-simulation-beta1\">X coefficient<\/label>\n  <input class=\"js-range-slider\" id=\"configuration-simulation-beta1\" data-skin=\"shiny\" data-min=\"-2\" data-max=\"2\" data-from=\"0.5\" data-step=\"0.1\" data-grid=\"true\" data-grid-num=\"10\" data-grid-snap=\"false\" data-prettify-separator=\",\" data-prettify-enabled=\"true\" data-keyboard=\"true\" data-data-type=\"number\"/>\n<\/div>\n<div class=\"form-group shiny-input-container\">\n  <label class=\"control-label\" id=\"configuration-simulation-sigma-label\" for=\"configuration-simulation-sigma\">Noise sigma<\/label>\n  <input class=\"js-range-slider\" id=\"configuration-simulation-sigma\" data-skin=\"shiny\" data-min=\"0.1\" data-max=\"5\" data-from=\"1\" data-step=\"0.1\" data-grid=\"true\" data-grid-num=\"9.8\" data-grid-snap=\"false\" data-prettify-separator=\",\" data-prettify-enabled=\"true\" data-keyboard=\"true\" data-data-type=\"number\"/>\n<\/div>","deps":[{"name":"selectize","version":"0.15.2","src":{"href":"selectize-0.15.2"},"meta":null,"script":["selectize.min.js","selectize-plugin-a11y.min.js"],"stylesheet":"selectize.css","head":null,"attachment":null,"package":null,"all_files":true},{"name":"ionrangeslider-javascript","version":"2.3.1","src":{"href":"ionrangeslider-javascript-2.3.1"},"meta":null,"script":"js/ion.rangeSlider.min.js","stylesheet":null,"head":null,"attachment":null,"all_files":true},{"name":"strftime","version":"0.9.2","src":{"href":"strftime-0.9.2"},"meta":null,"script":"strftime-min.js","stylesheet":null,"head":null,"attachment":null,"all_files":true},{"name":"ionRangeSlider","version":"2.3.1","src":{"href":"ionRangeSlider-2.3.1"},"meta":null,"script":null,"stylesheet":"ionRangeSlider.css","head":null,"attachment":null,"package":null,"all_files":true}]}},"inputMessages":[]}
{chromote}   JS info      16:21:08.44 shinytest2; shiny:value configuration-simulation-controls_ui
{chromote}   JS websocket 16:21:08.57 send {"method":"update","data":{"configuration-simulation-pattern":"linear","configuration-simulation-beta0":2,"configuration-simulation-beta1":0.5,"configuration-simulation-sigma":1,"configuration-simulation-n:shiny.number":200,"configuration-simulation-seed:shiny.number":123}}
{chromote}   JS websocket 16:21:08.58 send {"method":"update","data":{}}
{chromote}   JS websocket 16:21:08.58 send {"method":"update","data":{}}
{chromote}   JS websocket 16:21:08.58 send {"method":"update","data":{}}
{chromote}   JS websocket 16:21:08.58 send {"method":"update","data":{}}
{chromote}   JS websocket 16:21:08.59 send {"method":"update","data":{}}
{chromote}   JS websocket 16:21:08.61 recv {"values":[]}
{chromote}   JS websocket 16:21:08.62 recv {"values":[]}
{chromote}   JS websocket 16:21:08.62 recv {"values":[]}
{chromote}   JS websocket 16:21:08.62 recv {"values":[]}
{chromote}   JS websocket 16:21:08.62 recv {"values":[]}
{chromote}   JS websocket 16:21:08.63 recv {"values":[]}
{chromote}   JS info      16:21:08.63 shinytest2; Shiny has been idle for 200ms
{shinytest2} R  info      16:21:08.63 Shiny app started
{shiny}      R  stderr    ----------- Loading required package: shiny
{shiny}      R  stderr    ----------- Warning: package 'shiny' was built under R version 4.6.1
{shiny}      R  stderr    ----------- Running application in test mode.
{shiny}      R  stderr    ----------- 
{shiny}      R  stderr    ----------- Listening on http://127.0.0.1:6268
{shiny}      R  stderr    ----------- SEND {"config":{"workerId":"","sessionId":"9743972695dabaeedbd370abc5b0add2","user":null}}
{shiny}      R  stderr    ----------- RECV {"method":"init","data":{"configuration-generate:bslib.taskbutton":{"value":0,"autoReset":true},"main_nav_tabs":"overview","overview-guided_interpretation-show:shiny.action":0,"brain-previous:shiny.action":0,"brain-next:shiny.action":0,"brain-prediction_mode":"conditional","configuration-data_source":"simulation","configuration-model_type":"lm_2d","brain-observation_index:shiny.number":1,".clientdata_output_analysis_status-status_hidden":false,".clientdata_output_analysis_status-error_hidden":false,".clientdata_output_overview-metrics_hidden":false,".clientdata_output_overview-surface_ui_hidden":false,".clientdata_output_overview-main_plot_hidden":false,".clientdata_output_overview-main_plot_width":590,".clientdata_output_overview-main_plot_height":400,".clientdata_output_overview-main_plot_bg":"rgb(255, 255, 255)",".clientdata_output_overview-main_plot_fg":"rgb(29, 31, 33)",".clientdata_output_overview-main_plot_accent":"rgb(0, 123, 194)",".clientdata_output_overview-main_plot_font":{"families":["system-ui","-apple-system","BlinkMacSystemFont","Segoe UI","sans-serif"],"size":"16px"},".clientdata_output_overview-chart_summary_hidden":false,".clientdata_output_overview-observations_table_hidden":false,".clientdata_output_overview-observations_download_hidden":false,".clientdata_output_overview-grid_table_hidden":false,".clientdata_output_overview-grid_download_hidden":false,".clientdata_output_overview-coefficients_hidden":false,".clientdata_output_overview-variable_mapping_hidden":false,".clientdata_output_overview-guided_interpretation-content_hidden":false,".clientdata_output_diagnostics-heading_hidden":true,".clientdata_output_diagnostics-summary_hidden":true,".clientdata_output_diagnostics-checks_hidden":true,".clientdata_output_diagnostics-guidance_hidden":true,".clientdata_output_diagnostics-chart_summary_hidden":true,".clientdata_output_diagnostics-plot_hidden":true,".clientdata_output_diagnostics-plot_bg":"rgb(255, 255, 255)",".clientdata_output_diagnostics-plot_fg":"rgb(29, 31, 33)",".clientdata_output_diagnostics-plot_accent":"rgb(0, 123, 194)",".clientdata_output_diagnostics-plot_font":{"families":["system-ui","-apple-system","BlinkMacSystemFont","Segoe UI","sans-serif"],"size":"16px"},".clientdata_output_diagnostics-chart_table_hidden":true,".clientdata_output_diagnostics-chart_download_hidden":true,".clientdata_output_brain-observation_summary_hidden":true,".clientdata_output_brain-index_error_hidden":true,".clientdata_output_brain-equation_summary_hidden":true,".clientdata_output_brain-equation_table_hidden":true,".clientdata_output_brain-equation_download_hidden":true,".clientdata_output_brain-contribution_summary_hidden":true,".clientdata_output_brain-contribution_plot_hidden":true,".clientdata_output_brain-contribution_plot_bg":"rgb(255, 255, 255)",".clientdata_output_brain-contribution_plot_fg":"rgb(29, 31, 33)",".clientdata_output_brain-contribution_plot_accent":"rgb(0, 123, 194)",".clientdata_output_brain-contribution_plot_font":{"families":["system-ui","-apple-system","BlinkMacSystemFont","Segoe UI","sans-serif"],"size":"16px"},".clientdata_output_brain-contribution_table_hidden":true,".clientdata_output_brain-contribution_download_hidden":true,".clientdata_output_brain-link_summary_hidden":true,".clientdata_output_brain-link_plot_hidden":true,".clientdata_output_brain-link_plot_bg":"rgb(255, 255, 255)",".clientdata_output_brain-link_plot_fg":"rgb(29, 31, 33)",".clientdata_output_brain-link_plot_accent":"rgb(0, 123, 194)",".clientdata_output_brain-link_plot_font":{"families":["system-ui","-apple-system","BlinkMacSystemFont","Segoe UI","sans-serif"],"size":"16px"},".clientdata_output_brain-link_table_hidden":true,".clientdata_output_brain-link_download_hidden":true,".clientdata_output_brain-coefficient_summary_hidden":true,".clientdata_output_brain-coefficient_plot_hidden":true,".clientdata_output_brain-coefficient_plot_bg":"rgb(255, 255, 255)",".clientdata_output_brain-coefficient_plot_fg":"rgb(29, 31, 33)",".clientdata_output_brain-coefficient_plot_accent":"rgb(0, 123, 194)",".clientdata_output_brain-coefficient_plot_font":{"families":["system-ui","-apple-system","BlinkMacSystemFont","Segoe UI","sans-serif"],"size":"16px"},".clientdata_output_brain-coefficient_table_hidden":true,".clientdata_output_brain-coefficient_download_hidden":true,".clientdata_output_brain-random_summary_hidden":true,".clientdata_output_brain-random_plot_hidden":true,".clientdata_output_brain-random_plot_bg":"rgb(255, 255, 255)",".clientdata_output_brain-random_plot_fg":"rgb(29, 31, 33)",".clientdata_output_brain-random_plot_accent":"rgb(0, 123, 194)",".clientdata_output_brain-random_plot_font":{"families":["system-ui","-apple-system","BlinkMacSystemFont","Segoe UI","sans-serif"],"size":"16px"},".clientdata_output_brain-random_table_hidden":true,".clientdata_output_brain-random_download_hidden":true,".clientdata_output_data_provenance-provenance_hidden":true,".clientdata_output_data_provenance-download_hidden":true,".clientdata_output_data_provenance-table_hidden":true,".clientdata_output_data_provenance-code_hidden":true,".clientdata_output_configuration-link_ui_hidden":false,".clientdata_output_configuration-simulation-controls_ui_hidden":true,".clientdata_output_configuration-example_preview_hidden":false,".clientdata_pixelratio":1,".clientdata_url_protocol":"http:",".clientdata_url_hostname":"127.0.0.1",".clientdata_url_port":"6268",".clientdata_url_pathname":"/",".clientdata_url_search":"",".clientdata_url_hash_initial":"",".clientdata_url_hash":"",".clientdata_singletons":""}}
{shiny}      R  stderr    ----------- SEND {"busy":"busy"}
{shiny}      R  stderr    ----------- SEND {"recalculating":{"name":"configuration-link_ui","status":"recalculating"}}
{shiny}      R  stderr    ----------- SEND {"recalculating":{"name":"configuration-link_ui","status":"recalculated"}}
{shiny}      R  stderr    ----------- SEND {"recalculating":{"name":"configuration-example_preview","status":"recalculating"}}
{shiny}      R  stderr    ----------- SEND {"recalculating":{"name":"configuration-example_preview","status":"recalculated"}}
{shiny}      R  stderr    ----------- SEND {"recalculating":{"name":"analysis_status-error","status":"recalculating"}}
{shiny}      R  stderr    ----------- SEND {"recalculating":{"name":"analysis_status-error","status":"recalculated"}}
{shiny}      R  stderr    ----------- SEND {"recalculating":{"name":"analysis_status-status","status":"recalculating"}}
{shiny}      R  stderr    ----------- SEND {"recalculating":{"name":"analysis_status-status","status":"recalculated"}}
{shiny}      R  stderr    ----------- SEND {"recalculating":{"name":"overview-metrics","status":"recalculating"}}
{shiny}      R  stderr    ----------- SEND {"recalculating":{"name":"overview-metrics","status":"recalculated"}}
{shiny}      R  stderr    ----------- SEND {"recalculating":{"name":"overview-surface_ui","status":"recalculating"}}
{shiny}      R  stderr    ----------- SEND {"recalculating":{"name":"overview-surface_ui","status":"recalculated"}}
{shiny}      R  stderr    ----------- SEND {"recalculating":{"name":"overview-main_plot","status":"recalculating"}}
{shiny}      R  stderr    ----------- SEND {"recalculating":{"name":"overview-main_plot","status":"recalculated"}}
{shiny}      R  stderr    ----------- SEND {"recalculating":{"name":"overview-chart_summary","status":"recalculating"}}
{shiny}      R  stderr    ----------- SEND {"recalculating":{"name":"overview-chart_summary","status":"recalculated"}}
{shiny}      R  stderr    ----------- SEND {"recalculating":{"name":"overview-observations_table","status":"recalculating"}}
{shiny}      R  stderr    ----------- SEND {"recalculating":{"name":"overview-observations_table","status":"recalculated"}}
{shiny}      R  stderr    ----------- SEND {"recalculating":{"name":"overview-observations_download","status":"recalculating"}}
{shiny}      R  stderr    ----------- SEND {"recalculating":{"name":"overview-observations_download","status":"recalculated"}}
{shiny}      R  stderr    ----------- SEND {"recalculating":{"name":"overview-grid_table","status":"recalculating"}}
{shiny}      R  stderr    ----------- SEND {"recalculating":{"name":"overview-grid_table","status":"recalculated"}}
{shiny}      R  stderr    ----------- SEND {"recalculating":{"name":"overview-grid_download","status":"recalculating"}}
{shiny}      R  stderr    ----------- SEND {"recalculating":{"name":"overview-grid_download","status":"recalculated"}}
{shiny}      R  stderr    ----------- SEND {"recalculating":{"name":"overview-coefficients","status":"recalculating"}}
{shiny}      R  stderr    ----------- SEND {"recalculating":{"name":"overview-coefficients","status":"recalculated"}}
{shiny}      R  stderr    ----------- SEND {"recalculating":{"name":"overview-variable_mapping","status":"recalculating"}}
{shiny}      R  stderr    ----------- SEND {"recalculating":{"name":"overview-variable_mapping","status":"recalculated"}}
{shiny}      R  stderr    ----------- SEND {"recalculating":{"name":"overview-guided_interpretation-content","status":"recalculating"}}
{shiny}      R  stderr    ----------- SEND {"recalculating":{"name":"overview-guided_interpretation-content","status":"recalculated"}}
{shiny}      R  stderr    ----------- SEND {"custom":{"brain-controls":{"id":"brain-controls","disabled":true}}}
{shiny}      R  stderr    ----------- SEND {"recalculating":{"name":"brain-has_result","status":"recalculating"}}
{shiny}      R  stderr    ----------- SEND {"recalculating":{"name":"brain-has_result","status":"recalculated"}}
{shiny}      R  stderr    ----------- SEND {"recalculating":{"name":"brain-is_mixed","status":"recalculating"}}
{shiny}      R  stderr    ----------- SEND {"recalculating":{"name":"brain-is_mixed","status":"recalculated"}}
{shiny}      R  stderr    ----------- SEND {"custom":{"brain-index-error":{"id":"brain-observation_index","error_id":"brain-index_error","invalid":false}}}
{shiny}      R  stderr    ----------- SEND {"busy":"idle"}
{shiny}      R  stderr    ----------- SEND {"errors":{"overview-variable_mapping":{"message":"","call":"NULL","type":["shiny.silent.error","validation"]},"overview-coefficients":{"message":"","call":"NULL","type":["shiny.silent.error","validation"]},"overview-grid_table":{"message":"","call":"NULL","type":["shiny.silent.error","validation"]},"overview-observations_table":{"message":"","call":"NULL","type":["shiny.silent.error","validation"]},"overview-chart_summary":{"message":"","call":"NULL","type":["shiny.silent.error","validation"]},"overview-main_plot":{"message":"","call":"NULL","type":["shiny.silent.error","validation"]}},"values":{"brain-is_mixed":false,"brain-has_result":false,"overview-guided_interpretation-content":{"html":"<p>No analysis yet. Generate a model to see its interpretation.<\/p>","deps":[]},"overview-grid_download":"session/9743972695dabaeedbd370abc5b0add2/download/overview-grid_download?w=","overview-observations_download":"session/9743972695dabaeedbd370abc5b0add2/download/overview-observations_download?w=","overview-surface_ui":null,"overview-metrics":{"html":"<p>No analysis yet. Choose settings and select Generate &amp; fit model.<\/p>","deps":[]},"analysis_status-status":"Choose settings and select Generate & fit model.","analysis_status-error":"","configuration-example_preview":null,"configuration-link_ui":{"html":"<p>\n  Link: \n  identity\n<\/p>\n<input id=\"configuration-link_sel\" type=\"hidden\" value=\"identity\"/>","deps":[]}},"inputMessages":[{"id":"configuration-link_sel","message":{"options":"<option value=\"identity\" selected>identity<\/option>","value":"identity"}},{"id":"brain-prediction_mode","message":{"value":"conditional"}},{"id":"configuration-generate","message":{"state":"ready"}}]}
{shiny}      R  stderr    ----------- SEND {"values":[]}
{shiny}      R  stderr    ----------- RECV {"method":"update","data":{".clientdata_output_configuration-simulation-controls_ui_hidden":false}}
{shiny}      R  stderr    ----------- SEND {"busy":"busy"}
{shiny}      R  stderr    ----------- SEND {"recalculating":{"name":"configuration-simulation-controls_ui","status":"recalculating"}}
{shiny}      R  stderr    ----------- SEND {"recalculating":{"name":"configuration-simulation-controls_ui","status":"recalculated"}}
{shiny}      R  stderr    ----------- SEND {"busy":"idle"}
{shiny}      R  stderr    ----------- SEND {"errors":{},"values":{"configuration-simulation-controls_ui":{"html":"<div class=\"form-group shiny-input-container\">\n  <label class=\"control-label\" id=\"configuration-simulation-pattern-label\" for=\"configuration-simulation-pattern\">Generating relationship<\/label>\n  <div>\n    <select id=\"configuration-simulation-pattern\" class=\"shiny-input-select\"><option value=\"linear\" selected>Linear<\/option>\n<option value=\"quadratic\">Quadratic<\/option>\n<option value=\"cosine\">Periodic (cosine)<\/option>\n<option value=\"heteroscedastic\">Heteroscedastic<\/option><\/select>\n    <script type=\"application/json\" data-for=\"configuration-simulation-pattern\" data-nonempty=\"\">{\"plugins\":[\"selectize-plugin-a11y\"]}<\/script>\n  <\/div>\n<\/div>\n<div class=\"form-group shiny-input-container\">\n  <label class=\"control-label\" id=\"configuration-simulation-n-label\" for=\"configuration-simulation-n\">Sample size<\/label>\n  <input id=\"configuration-simulation-n\" type=\"number\" class=\"shiny-input-number form-control\" value=\"200\" data-update-on=\"change\" min=\"10\" max=\"2000\"/>\n<\/div>\n<div class=\"form-group shiny-input-container\">\n  <label class=\"control-label\" id=\"configuration-simulation-seed-label\" for=\"configuration-simulation-seed\">Seed<\/label>\n  <input id=\"configuration-simulation-seed\" type=\"number\" class=\"shiny-input-number form-control\" value=\"123\" data-update-on=\"change\"/>\n<\/div>\n<div class=\"form-group shiny-input-container\">\n  <label class=\"control-label\" id=\"configuration-simulation-beta0-label\" for=\"configuration-simulation-beta0\">Intercept<\/label>\n  <input class=\"js-range-slider\" id=\"configuration-simulation-beta0\" data-skin=\"shiny\" data-min=\"-3\" data-max=\"5\" data-from=\"2\" data-step=\"0.1\" data-grid=\"true\" data-grid-num=\"10\" data-grid-snap=\"false\" data-prettify-separator=\",\" data-prettify-enabled=\"true\" data-keyboard=\"true\" data-data-type=\"number\"/>\n<\/div>\n<div class=\"form-group shiny-input-container\">\n  <label class=\"control-label\" id=\"configuration-simulation-beta1-label\" for=\"configuration-simulation-beta1\">X coefficient<\/label>\n  <input class=\"js-range-slider\" id=\"configuration-simulation-beta1\" data-skin=\"shiny\" data-min=\"-2\" data-max=\"2\" data-from=\"0.5\" data-step=\"0.1\" data-grid=\"true\" data-grid-num=\"10\" data-grid-snap=\"false\" data-prettify-separator=\",\" data-prettify-enabled=\"true\" data-keyboard=\"true\" data-data-type=\"number\"/>\n<\/div>\n<div class=\"form-group shiny-input-container\">\n  <label class=\"control-label\" id=\"configuration-simulation-sigma-label\" for=\"configuration-simulation-sigma\">Noise sigma<\/label>\n  <input class=\"js-range-slider\" id=\"configuration-simulation-sigma\" data-skin=\"shiny\" data-min=\"0.1\" data-max=\"5\" data-from=\"1\" data-step=\"0.1\" data-grid=\"true\" data-grid-num=\"9.8\" data-grid-snap=\"false\" data-prettify-separator=\",\" data-prettify-enabled=\"true\" data-keyboard=\"true\" data-data-type=\"number\"/>\n<\/div>","deps":[{"name":"selectize","version":"0.15.2","src":{"href":"selectize-0.15.2"},"meta":null,"script":["selectize.min.js","selectize-plugin-a11y.min.js"],"stylesheet":"selectize.css","head":null,"attachment":null,"package":null,"all_files":true},{"name":"ionrangeslider-javascript","version":"2.3.1","src":{"href":"ionrangeslider-javascript-2.3.1"},"meta":null,"script":"js/ion.rangeSlider.min.js","stylesheet":null,"head":null,"attachment":null,"all_files":true},{"name":"strftime","version":"0.9.2","src":{"href":"strftime-0.9.2"},"meta":null,"script":"strftime-min.js","stylesheet":null,"head":null,"attachment":null,"all_files":true},{"name":"ionRangeSlider","version":"2.3.1","src":{"href":"ionRangeSlider-2.3.1"},"meta":null,"script":null,"stylesheet":"ionRangeSlider.css","head":null,"attachment":null,"package":null,"all_files":true}]}},"inputMessages":[]}
{shiny}      R  stderr    ----------- RECV {"method":"update","data":{"configuration-simulation-pattern":"linear","configuration-simulation-beta0":2,"configuration-simulation-beta1":0.5,"configuration-simulation-sigma":1,"configuration-simulation-n:shiny.number":200,"configuration-simulation-seed:shiny.number":123}}
{shiny}      R  stderr    ----------- SEND {"values":[]}
{shiny}      R  stderr    ----------- RECV {"method":"update","data":{}}
{shiny}      R  stderr    ----------- SEND {"values":[]}
{shiny}      R  stderr    ----------- RECV {"method":"update","data":{}}
{shiny}      R  stderr    ----------- SEND {"values":[]}
{shiny}      R  stderr    ----------- RECV {"method":"update","data":{}}
{shiny}      R  stderr    ----------- SEND {"values":[]}
{shiny}      R  stderr    ----------- RECV {"method":"update","data":{}}
{shiny}      R  stderr    ----------- SEND {"values":[]}
{shiny}      R  stderr    ----------- RECV {"method":"update","data":{}}
{shiny}      R  stderr    ----------- SEND {"values":[]}CHROME_LOG chrome-9ee85a5b279a-stderr.log 

DevTools listening on ws://127.0.0.1:35446/devtools/browser/1c44bd5e-030c-4ba6-997b-1aa5e2700057
[51048:34616:1001/162102.957:ERROR:services\device\usb\usb_descriptors.cc:145] Failed to read length for configuration 1.
[51048:34616:1001/162102.958:ERROR:services\device\usb\usb_descriptors.cc:104] Failed to read all configuration descriptors. Expected 2, got 1.
[51048:34616:1001/162102.958:ERROR:components\device_event_log\device_event_log_impl.cc:211] [16:21:02.958] USB: usb_device_win.cc:95 Failed to read descriptors from \\?\usb#vid_0bda&pid_8153#000001000000#{a5dcbf10-6530-11d2-901f-00c04fb951ed}.
[51048:48276:1001/162104.623:ERROR:google_apis\gcm\engine\registration_request.cc:291] Registration response error message: DEPRECATED_ENDPOINT
CHROME_LOG chrome-9ee85a5b279a-stdout.log 

{"elapsed":23.48,"kind":"cleanup_start","value":[]} 
{"elapsed":24.62,"kind":"diagnostic_complete","value":{"success":true}} 
Untracing function "app_init_browser_log" in package
"namespace:shinytest2"
