2026-10-01T13:31:24.3689324Z Current runner version: '2.337.0'
2026-10-01T13:31:24.3715950Z ##[group]Runner Image Provisioner
2026-10-01T13:31:24.3716692Z Hosted Compute Agent
2026-10-01T13:31:24.3717150Z Version: 20260901.588
2026-10-01T13:31:24.3717654Z Commit: f88ec8081b781fac6c440065ac7ff9e710ce3d0b
2026-10-01T13:31:24.3718300Z Build Date: 2026-09-01T19:56:44Z
2026-10-01T13:31:24.3718835Z Worker ID: {7cda0b06-713a-4289-a8fb-9fe1d99e9fe8}
2026-10-01T13:31:24.3719440Z Azure Region: westus3
2026-10-01T13:31:24.3719899Z ##[endgroup]
2026-10-01T13:31:24.3721229Z ##[group]Operating System
2026-10-01T13:31:24.3721759Z Microsoft Windows Server 2025
2026-10-01T13:31:24.3722256Z 10.0.26100
2026-10-01T13:31:24.3722678Z Datacenter
2026-10-01T13:31:24.3723097Z ##[endgroup]
2026-10-01T13:31:24.3723552Z ##[group]Runner Image
2026-10-01T13:31:24.3724044Z Image: windows-2025-vs2026
2026-10-01T13:31:24.3724517Z Version: 20260925.250.1
2026-10-01T13:31:24.3725900Z Included Software: https://github.com/actions/runner-images/blob/win25-vs2026/20260925.250/images/windows/Windows2025-VS2026-Readme.md
2026-10-01T13:31:24.3727369Z Image Release: https://github.com/actions/runner-images/releases/tag/win25-vs2026%2F20260925.250
2026-10-01T13:31:24.3731228Z ##[endgroup]
2026-10-01T13:31:24.3732193Z ##[group]GITHUB_TOKEN Permissions
2026-10-01T13:31:24.3734020Z Contents: read
2026-10-01T13:31:24.3734449Z Metadata: read
2026-10-01T13:31:24.3734868Z ##[endgroup]
2026-10-01T13:31:24.3736626Z Secret source: Actions
2026-10-01T13:31:24.3737289Z Cache mode: write
2026-10-01T13:31:24.3737801Z Prepare workflow directory
2026-10-01T13:31:24.4095881Z Prepare all required actions
2026-10-01T13:31:24.4147039Z Getting action download info
2026-10-01T13:31:24.7760287Z Download action repository 'actions/checkout@v4' (SHA:11d5960a326750d5838078e36cf38b85af677262)
2026-10-01T13:31:24.9520012Z Download action repository 'r-lib/actions@v2' (SHA:f9a764fea8d5c63df6ef9a5c7795bf7deb5d7e05)
2026-10-01T13:31:26.0888411Z Getting action download info
2026-10-01T13:31:26.2348095Z Download action repository 'actions/cache@27d5ce7f107fe9357f9df03efb73ab90386fccae' (SHA:27d5ce7f107fe9357f9df03efb73ab90386fccae)
2026-10-01T13:31:26.7042922Z Complete job name: R 4.6.0 (windows-latest)
2026-10-01T13:31:27.6483079Z ##[group]Run actions/checkout@v4
2026-10-01T13:31:27.6483776Z with:
2026-10-01T13:31:27.6484007Z   repository: ktubi970/lmplot
2026-10-01T13:31:27.6485768Z   token: ***
2026-10-01T13:31:27.6486244Z   ssh-strict: true
2026-10-01T13:31:27.6486450Z   ssh-user: git
2026-10-01T13:31:27.6486690Z   persist-credentials: true
2026-10-01T13:31:27.6486932Z   clean: true
2026-10-01T13:31:27.6487152Z   sparse-checkout-cone-mode: true
2026-10-01T13:31:27.6487411Z   fetch-depth: 1
2026-10-01T13:31:27.6487618Z   fetch-tags: false
2026-10-01T13:31:27.6487828Z   show-progress: true
2026-10-01T13:31:27.6488066Z   lfs: false
2026-10-01T13:31:27.6488273Z   submodules: false
2026-10-01T13:31:27.6488489Z   set-safe-directory: true
2026-10-01T13:31:27.6488741Z   allow-unsafe-pr-checkout: false
2026-10-01T13:31:27.6489131Z ##[endgroup]
2026-10-01T13:31:27.7622119Z Syncing repository: ktubi970/lmplot
2026-10-01T13:31:27.7623123Z ##[group]Getting Git version info
2026-10-01T13:31:27.7623516Z Working directory is 'D:\a\lmplot\lmplot'
2026-10-01T13:31:27.8253878Z [command]"C:\Program Files\Git\bin\git.exe" version
2026-10-01T13:31:28.2359322Z git version 2.55.0.windows.5
2026-10-01T13:31:28.2478201Z ##[endgroup]
2026-10-01T13:31:28.2499840Z Temporarily overriding HOME='D:\a\_temp\41d9375e-c153-4b55-ac19-7e380f84a6e8' before making global git config changes
2026-10-01T13:31:28.2500756Z Adding repository directory to the temporary git global config as a safe directory
2026-10-01T13:31:28.2508325Z [command]"C:\Program Files\Git\bin\git.exe" config --global --add safe.directory D:\a\lmplot\lmplot
2026-10-01T13:31:28.3083572Z Deleting the contents of 'D:\a\lmplot\lmplot'
2026-10-01T13:31:28.3087396Z ##[group]Initializing the repository
2026-10-01T13:31:28.3094100Z [command]"C:\Program Files\Git\bin\git.exe" init D:\a\lmplot\lmplot
2026-10-01T13:31:28.3773372Z Initialized empty Git repository in D:/a/lmplot/lmplot/.git/
2026-10-01T13:31:28.3807894Z [command]"C:\Program Files\Git\bin\git.exe" remote add origin https://github.com/ktubi970/lmplot
2026-10-01T13:31:28.9108029Z ##[endgroup]
2026-10-01T13:31:28.9108530Z ##[group]Disabling automatic garbage collection
2026-10-01T13:31:28.9109483Z [command]"C:\Program Files\Git\bin\git.exe" config --local gc.auto 0
2026-10-01T13:31:28.9110414Z ##[endgroup]
2026-10-01T13:31:28.9110815Z ##[group]Setting up auth
2026-10-01T13:31:28.9111332Z [command]"C:\Program Files\Git\bin\git.exe" config --local --name-only --get-regexp core\.sshCommand
2026-10-01T13:31:28.9112599Z [command]"C:\Program Files\Git\bin\git.exe" submodule foreach --recursive "sh -c \"git config --local --name-only --get-regexp 'core\.sshCommand' && git config --local --unset-all 'core.sshCommand' || :\""
2026-10-01T13:31:29.8544865Z [command]"C:\Program Files\Git\bin\git.exe" config --local --name-only --get-regexp http\.https\:\/\/github\.com\/\.extraheader
2026-10-01T13:31:29.8772622Z [command]"C:\Program Files\Git\bin\git.exe" submodule foreach --recursive "sh -c \"git config --local --name-only --get-regexp 'http\.https\:\/\/github\.com\/\.extraheader' && git config --local --unset-all 'http.https://github.com/.extraheader' || :\""
2026-10-01T13:31:30.4102466Z [command]"C:\Program Files\Git\bin\git.exe" config --local --name-only --get-regexp ^includeIf\.gitdir:
2026-10-01T13:31:30.4323968Z [command]"C:\Program Files\Git\bin\git.exe" submodule foreach --recursive "git config --local --show-origin --name-only --get-regexp remote.origin.url"
2026-10-01T13:31:30.8174282Z [command]"C:\Program Files\Git\bin\git.exe" config --local http.https://github.com/.extraheader "AUTHORIZATION: basic ***"
2026-10-01T13:31:30.8563745Z ##[endgroup]
2026-10-01T13:31:30.8605728Z ##[group]Fetching the repository
2026-10-01T13:31:30.8611840Z [command]"C:\Program Files\Git\bin\git.exe" -c protocol.version=2 fetch --no-tags --prune --no-recurse-submodules --depth=1 origin +42e70f36788bfaeac880251a29195de2713ceb4c:refs/remotes/origin/master
2026-10-01T13:31:32.2867361Z From https://github.com/ktubi970/lmplot
2026-10-01T13:31:32.2868405Z  * [new ref]         42e70f36788bfaeac880251a29195de2713ceb4c -> origin/master
2026-10-01T13:31:32.2909734Z ##[endgroup]
2026-10-01T13:31:32.2977330Z ##[group]Determining the checkout info
2026-10-01T13:31:32.2989040Z ##[endgroup]
2026-10-01T13:31:32.2989583Z [command]"C:\Program Files\Git\bin\git.exe" sparse-checkout disable
2026-10-01T13:31:32.3367769Z [command]"C:\Program Files\Git\bin\git.exe" config --local --unset-all extensions.worktreeConfig
2026-10-01T13:31:32.3569156Z ##[group]Checking out the ref
2026-10-01T13:31:32.3575608Z [command]"C:\Program Files\Git\bin\git.exe" checkout --progress --force -B master refs/remotes/origin/master
2026-10-01T13:31:32.4293995Z Reset branch 'master'
2026-10-01T13:31:32.4362763Z branch 'master' set up to track 'origin/master'.
2026-10-01T13:31:32.4402138Z ##[endgroup]
2026-10-01T13:31:32.4739089Z [command]"C:\Program Files\Git\bin\git.exe" log -1 --format=%H
2026-10-01T13:31:32.4920256Z 42e70f36788bfaeac880251a29195de2713ceb4c
2026-10-01T13:31:32.5315627Z ##[group]Run r-lib/actions/setup-r@v2
2026-10-01T13:31:32.5315882Z with:
2026-10-01T13:31:32.5316002Z   r-version: 4.6.0
2026-10-01T13:31:32.5316129Z   use-public-rspm: true
2026-10-01T13:31:32.5316257Z   Ncpus: 1
2026-10-01T13:31:32.5316374Z   remove-openmp-macos: true
2026-10-01T13:31:32.5316515Z   http-user-agent: default
2026-10-01T13:31:32.5316646Z   install-r: true
2026-10-01T13:31:32.5316776Z   windows-path-include-rtools: true
2026-10-01T13:31:32.5316944Z   windows-path-include-mingw: true
2026-10-01T13:31:32.5317092Z   update-rtools: false
2026-10-01T13:31:32.5317218Z   working-directory: .
2026-10-01T13:31:32.5317338Z ##[endgroup]
2026-10-01T13:31:34.5759090Z [command]D:\a\_temp\R-4.6.0-win.exe /VERYSILENT /SUPPRESSMSGBOXES /DIR=C:\R
2026-10-01T13:32:01.0073675Z ##[group]Downloading and installing Ghostscript
2026-10-01T13:32:01.9204935Z [command]"C:\Program Files\PowerShell\7\pwsh.exe" -NoLogo -NoProfile -NonInteractive -ExecutionPolicy Unrestricted -Command "$ErrorActionPreference = 'Stop' ; try { Add-Type -AssemblyName System.IO.Compression.ZipFile } catch { } ; try { [System.IO.Compression.ZipFile]::ExtractToDirectory('D:\a\_temp\35758415-9db5-4fe4-b275-49b31306b4eb', 'D:\a\_temp\baaf5bf1-66e2-4d85-9d04-5938cd0b8086', $true) } catch { if (($_.Exception.GetType().FullName -eq 'System.Management.Automation.MethodException') -or ($_.Exception.GetType().FullName -eq 'System.Management.Automation.RuntimeException') ){ Expand-Archive -LiteralPath 'D:\a\_temp\35758415-9db5-4fe4-b275-49b31306b4eb' -DestinationPath 'D:\a\_temp\baaf5bf1-66e2-4d85-9d04-5938cd0b8086' -Force } else { throw $_ } } ;"
2026-10-01T13:32:04.5459034Z ##[endgroup]
2026-10-01T13:32:04.7547253Z ##[group]Run r-lib/actions/setup-renv@v2
2026-10-01T13:32:04.7547476Z with:
2026-10-01T13:32:04.7547586Z   cache-version: v1
2026-10-01T13:32:04.7547700Z   bypass-cache: false
2026-10-01T13:32:04.7547815Z   working-directory: .
2026-10-01T13:32:04.7547927Z env:
2026-10-01T13:32:04.7548032Z   _R_INSTALL_TIME_PATCHES_: no
2026-10-01T13:32:04.7548164Z   RTOOLS45_HOME: C:\rtools45
2026-10-01T13:32:04.7548295Z   R_LIBS_USER: D:\a\_temp\Library
2026-10-01T13:32:04.7548422Z   TZ: UTC
2026-10-01T13:32:04.7548522Z   _R_CHECK_SYSTEM_CLOCK_: FALSE
2026-10-01T13:32:04.7548650Z   NOT_CRAN: true
2026-10-01T13:32:04.7548829Z   RSPM: https://packagemanager.posit.co/cran/latest
2026-10-01T13:32:04.7549064Z   RENV_CONFIG_REPOS_OVERRIDE: https://packagemanager.posit.co/cran/latest
2026-10-01T13:32:04.7549277Z   LMPLOT_EXPLICIT_BOOTSTRAP: 1
2026-10-01T13:32:04.7549404Z ##[endgroup]
2026-10-01T13:32:04.7592694Z ##[start-action display=Set RENV_PATHS_ROOT;id=__r-lib_actions_2.__run]
2026-10-01T13:32:04.7725183Z ##[group]Run echo "RENV_PATHS_ROOT=D:\a\_temp/renv" >> $GITHUB_ENV
2026-10-01T13:32:04.7725648Z [36;1mecho "RENV_PATHS_ROOT=D:\a\_temp/renv" >> $GITHUB_ENV[0m
2026-10-01T13:32:04.8163992Z shell: C:\rtools45\usr\bin\bash.EXE --noprofile --norc -e -o pipefail {0}
2026-10-01T13:32:04.8164232Z env:
2026-10-01T13:32:04.8164359Z   _R_INSTALL_TIME_PATCHES_: no
2026-10-01T13:32:04.8164507Z   RTOOLS45_HOME: C:\rtools45
2026-10-01T13:32:04.8164649Z   R_LIBS_USER: D:\a\_temp\Library
2026-10-01T13:32:04.8164788Z   TZ: UTC
2026-10-01T13:32:04.8164909Z   _R_CHECK_SYSTEM_CLOCK_: FALSE
2026-10-01T13:32:04.8165045Z   NOT_CRAN: true
2026-10-01T13:32:04.8165214Z   RSPM: https://packagemanager.posit.co/cran/latest
2026-10-01T13:32:04.8165460Z   RENV_CONFIG_REPOS_OVERRIDE: https://packagemanager.posit.co/cran/latest
2026-10-01T13:32:04.8165685Z   LMPLOT_EXPLICIT_BOOTSTRAP: 1
2026-10-01T13:32:04.8165821Z ##[endgroup]
2026-10-01T13:32:05.3525471Z ##[end-action id=__r-lib_actions_2.__run;outcome=success;conclusion=success;duration_ms=593]
2026-10-01T13:32:05.3527485Z ##[start-action display=Install and activate renv;id=__r-lib_actions_2.__run_2]
2026-10-01T13:32:05.3625153Z ##[group]Run if (!requireNamespace("renv", quietly=TRUE)) install.packages("renv")
2026-10-01T13:32:05.3625471Z [36;1mif (!requireNamespace("renv", quietly=TRUE)) install.packages("renv")[0m
2026-10-01T13:32:05.3625694Z [36;1mrenv::activate(profile = )[0m
2026-10-01T13:32:05.3989265Z shell: C:\R\bin\Rscript.EXE {0}
2026-10-01T13:32:05.3989414Z env:
2026-10-01T13:32:05.3989527Z   _R_INSTALL_TIME_PATCHES_: no
2026-10-01T13:32:05.3989671Z   RTOOLS45_HOME: C:\rtools45
2026-10-01T13:32:05.3989802Z   R_LIBS_USER: D:\a\_temp\Library
2026-10-01T13:32:05.3989932Z   TZ: UTC
2026-10-01T13:32:05.3990035Z   _R_CHECK_SYSTEM_CLOCK_: FALSE
2026-10-01T13:32:05.3990159Z   NOT_CRAN: true
2026-10-01T13:32:05.3990311Z   RSPM: https://packagemanager.posit.co/cran/latest
2026-10-01T13:32:05.3990566Z   RENV_CONFIG_REPOS_OVERRIDE: https://packagemanager.posit.co/cran/latest
2026-10-01T13:32:05.3990780Z   RENV_PATHS_ROOT: D:\a\_temp/renv
2026-10-01T13:32:05.3991071Z   LMPLOT_EXPLICIT_BOOTSTRAP: 1
2026-10-01T13:32:05.3991199Z ##[endgroup]
2026-10-01T13:32:05.6033250Z # Bootstrapping renv 1.2.3 ---------------------------------------------------
2026-10-01T13:32:07.8464528Z - Downloading renv ... OK
2026-10-01T13:32:15.9285220Z - Installing renv  ... OK
2026-10-01T13:32:15.9286502Z 
2026-10-01T13:32:16.2419666Z - One or more packages recorded in the lockfile are not installed.
2026-10-01T13:32:16.2420710Z - Use `renv::status()` for more details.
2026-10-01T13:32:16.3711324Z ##[end-action id=__r-lib_actions_2.__run_2;outcome=success;conclusion=success;duration_ms=11018]
2026-10-01T13:32:16.3714153Z ##[start-action display=Get R and OS version;id=__r-lib_actions_2.get-version]
2026-10-01T13:32:16.3810215Z ##[group]Run cat("os-version=", sessionInfo()$running, "\n", file = Sys.getenv("GITHUB_OUTPUT"), sep = "", append = TRUE)
2026-10-01T13:32:16.3812253Z [36;1mcat("os-version=", sessionInfo()$running, "\n", file = Sys.getenv("GITHUB_OUTPUT"), sep = "", append = TRUE)[0m
2026-10-01T13:32:16.3812689Z [36;1mcat("r-version=", R.Version()$version.string, "\n", file = Sys.getenv("GITHUB_OUTPUT"), sep = "", append = TRUE)[0m
2026-10-01T13:32:16.3817972Z shell: C:\R\bin\Rscript.EXE {0}
2026-10-01T13:32:16.3818118Z env:
2026-10-01T13:32:16.3818230Z   _R_INSTALL_TIME_PATCHES_: no
2026-10-01T13:32:16.3818371Z   RTOOLS45_HOME: C:\rtools45
2026-10-01T13:32:16.3818505Z   R_LIBS_USER: D:\a\_temp\Library
2026-10-01T13:32:16.3818636Z   TZ: UTC
2026-10-01T13:32:16.3818744Z   _R_CHECK_SYSTEM_CLOCK_: FALSE
2026-10-01T13:32:16.3818871Z   NOT_CRAN: true
2026-10-01T13:32:16.3819026Z   RSPM: https://packagemanager.posit.co/cran/latest
2026-10-01T13:32:16.3819268Z   RENV_CONFIG_REPOS_OVERRIDE: https://packagemanager.posit.co/cran/latest
2026-10-01T13:32:16.3819488Z   RENV_PATHS_ROOT: D:\a\_temp/renv
2026-10-01T13:32:16.3819640Z   LMPLOT_EXPLICIT_BOOTSTRAP: 1
2026-10-01T13:32:16.3819774Z ##[endgroup]
2026-10-01T13:32:16.6477282Z - One or more packages recorded in the lockfile are not installed.
2026-10-01T13:32:16.6478088Z - Use `renv::status()` for more details.
2026-10-01T13:32:16.6941171Z ##[end-action id=__r-lib_actions_2.get-version;outcome=success;conclusion=success;duration_ms=322]
2026-10-01T13:32:16.6944742Z ##[start-action display=Restore Renv package cache;id=__r-lib_actions_2.__actions_cache]
2026-10-01T13:32:16.7854357Z ##[group]Run actions/cache@27d5ce7f107fe9357f9df03efb73ab90386fccae
2026-10-01T13:32:16.7854572Z with:
2026-10-01T13:32:16.7854712Z   path: D:\a\_temp/renv
renv/library

2026-10-01T13:32:16.7855051Z   key: Windows Server 2022 x64 (build 26100)-R version 4.6.0 (2026-04-24 ucrt)-v1-ac29db1134d6b0598d5813cb127ef994985e341fb6374a065bd5afa66acea931
2026-10-01T13:32:16.7855482Z   restore-keys: Windows Server 2022 x64 (build 26100)-R version 4.6.0 (2026-04-24 ucrt)-v1-
2026-10-01T13:32:16.7855738Z   enableCrossOsArchive: false
2026-10-01T13:32:16.7855883Z   fail-on-cache-miss: false
2026-10-01T13:32:16.7856031Z   lookup-only: false
2026-10-01T13:32:16.7856149Z   save-always: false
2026-10-01T13:32:16.7856260Z env:
2026-10-01T13:32:16.7856389Z   _R_INSTALL_TIME_PATCHES_: no
2026-10-01T13:32:16.7856528Z   RTOOLS45_HOME: C:\rtools45
2026-10-01T13:32:16.7856668Z   R_LIBS_USER: D:\a\_temp\Library
2026-10-01T13:32:16.7856802Z   TZ: UTC
2026-10-01T13:32:16.7856910Z   _R_CHECK_SYSTEM_CLOCK_: FALSE
2026-10-01T13:32:16.7857038Z   NOT_CRAN: true
2026-10-01T13:32:16.7857200Z   RSPM: https://packagemanager.posit.co/cran/latest
2026-10-01T13:32:16.7857452Z   RENV_CONFIG_REPOS_OVERRIDE: https://packagemanager.posit.co/cran/latest
2026-10-01T13:32:16.7857672Z   RENV_PATHS_ROOT: D:\a\_temp/renv
2026-10-01T13:32:16.7857819Z   LMPLOT_EXPLICIT_BOOTSTRAP: 1
2026-10-01T13:32:16.7857953Z ##[endgroup]
2026-10-01T13:32:17.2611185Z Cache not found for input keys: Windows Server 2022 x64 (build 26100)-R version 4.6.0 (2026-04-24 ucrt)-v1-ac29db1134d6b0598d5813cb127ef994985e341fb6374a065bd5afa66acea931, Windows Server 2022 x64 (build 26100)-R version 4.6.0 (2026-04-24 ucrt)-v1-
2026-10-01T13:32:17.2717696Z ##[end-action id=__r-lib_actions_2.__actions_cache;outcome=success;conclusion=success;duration_ms=577]
2026-10-01T13:32:17.2719556Z ##[start-action display=Restore Renv package cache;id=__r-lib_actions_2.cache-packages-restore]
2026-10-01T13:32:17.2729746Z ##[end-action id=__r-lib_actions_2.cache-packages-restore;outcome=skipped;conclusion=skipped;duration_ms=0]
2026-10-01T13:32:17.2731140Z ##[start-action display=Install renv dependencies;id=__r-lib_actions_2.__run_3]
2026-10-01T13:32:17.2826680Z ##[group]Run renv::restore()
2026-10-01T13:32:17.2826830Z [36;1mrenv::restore()[0m
2026-10-01T13:32:17.2832144Z shell: C:\R\bin\Rscript.EXE {0}
2026-10-01T13:32:17.2832282Z env:
2026-10-01T13:32:17.2832397Z   _R_INSTALL_TIME_PATCHES_: no
2026-10-01T13:32:17.2832537Z   RTOOLS45_HOME: C:\rtools45
2026-10-01T13:32:17.2833448Z   R_LIBS_USER: D:\a\_temp\Library
2026-10-01T13:32:17.2833586Z   TZ: UTC
2026-10-01T13:32:17.2833699Z   _R_CHECK_SYSTEM_CLOCK_: FALSE
2026-10-01T13:32:17.2833825Z   NOT_CRAN: true
2026-10-01T13:32:17.2833990Z   RSPM: https://packagemanager.posit.co/cran/latest
2026-10-01T13:32:17.2834238Z   RENV_CONFIG_REPOS_OVERRIDE: https://packagemanager.posit.co/cran/latest
2026-10-01T13:32:17.2834461Z   RENV_PATHS_ROOT: D:\a\_temp/renv
2026-10-01T13:32:17.2834606Z   LMPLOT_EXPLICIT_BOOTSTRAP: 1
2026-10-01T13:32:17.2834743Z ##[endgroup]
2026-10-01T13:32:17.5679182Z - One or more packages recorded in the lockfile are not installed.
2026-10-01T13:32:17.5681027Z - Use `renv::status()` for more details.
2026-10-01T13:32:17.8226501Z The following package(s) will be updated:
2026-10-01T13:32:17.8238472Z 
2026-10-01T13:32:17.8242122Z # Repository -----------------------------------------------------------------
2026-10-01T13:32:17.8242754Z - MASS           [7.3-65 -> 7.3-66]
2026-10-01T13:32:17.8243175Z - nlme           [3.1-169 -> 3.1-170]
2026-10-01T13:32:17.8243610Z - AsioHeaders    [* -> 1.30.2-1]
2026-10-01T13:32:17.8244001Z - askpass        [* -> 1.2.1]
2026-10-01T13:32:17.8244359Z - backports      [* -> 1.5.1]
2026-10-01T13:32:17.8244686Z - base64enc      [* -> 0.1-6]
2026-10-01T13:32:17.8244993Z - brio           [* -> 1.1.5]
2026-10-01T13:32:17.8245354Z - bslib          [* -> 0.11.0]
2026-10-01T13:32:17.8245701Z - cachem         [* -> 1.1.0]
2026-10-01T13:32:17.8246032Z - callr          [* -> 3.8.0]
2026-10-01T13:32:17.8246384Z - cellranger     [* -> 1.1.0]
2026-10-01T13:32:17.8246722Z - checkmate      [* -> 2.3.4]
2026-10-01T13:32:17.8247044Z - chromote       [* -> 0.5.1]
2026-10-01T13:32:17.8247383Z - cli            [* -> 3.6.6]
2026-10-01T13:32:17.8247687Z - commonmark     [* -> 2.0.0]
2026-10-01T13:32:17.8248002Z - cpp11          [* -> 0.5.5]
2026-10-01T13:32:17.8248426Z - crayon         [* -> 1.5.3]
2026-10-01T13:32:17.8264903Z - crosstalk      [* -> 1.2.2]
2026-10-01T13:32:17.8265366Z - curl           [* -> 7.1.0]
2026-10-01T13:32:17.8265791Z - data.table     [* -> 1.18.4]
2026-10-01T13:32:17.8266159Z - desc           [* -> 1.4.3]
2026-10-01T13:32:17.8266574Z - diffobj        [* -> 0.3.8]
2026-10-01T13:32:17.8266897Z - digest         [* -> 0.6.39]
2026-10-01T13:32:17.8267207Z - dplyr          [* -> 1.2.1]
2026-10-01T13:32:17.8267531Z - DT             [* -> 0.34.0]
2026-10-01T13:32:17.8267845Z - evaluate       [* -> 1.0.5]
2026-10-01T13:32:17.8268167Z - farver         [* -> 2.1.2]
2026-10-01T13:32:17.8268487Z - fastmap        [* -> 1.2.0]
2026-10-01T13:32:17.8268810Z - fontawesome    [* -> 0.5.3]
2026-10-01T13:32:17.8269236Z - fs             [* -> 2.1.0]
2026-10-01T13:32:17.8269562Z - generics       [* -> 0.1.4]
2026-10-01T13:32:17.8270493Z - ggfortify      [* -> 0.4.19]
2026-10-01T13:32:17.8270862Z - ggplot2        [* -> 4.0.3]
2026-10-01T13:32:17.8271190Z - globals        [* -> 0.19.1]
2026-10-01T13:32:17.8271508Z - glue           [* -> 1.8.1]
2026-10-01T13:32:17.8271837Z - gridExtra      [* -> 2.3.1]
2026-10-01T13:32:17.8272182Z - gtable         [* -> 0.3.6]
2026-10-01T13:32:17.8273410Z - highr          [* -> 0.12]
2026-10-01T13:32:17.8273727Z - hms            [* -> 1.1.4]
2026-10-01T13:32:17.8274036Z - htmltools      [* -> 0.5.9]
2026-10-01T13:32:17.8274353Z - htmlwidgets    [* -> 1.6.4]
2026-10-01T13:32:17.8274677Z - httpuv         [* -> 1.6.17]
2026-10-01T13:32:17.8274989Z - httr           [* -> 1.4.8]
2026-10-01T13:32:17.8275301Z - httr2          [* -> 1.3.0]
2026-10-01T13:32:17.8275625Z - isoband        [* -> 0.3.0]
2026-10-01T13:32:17.8275953Z - jquerylib      [* -> 0.1.4]
2026-10-01T13:32:17.8276282Z - jsonlite       [* -> 2.0.0]
2026-10-01T13:32:17.8276596Z - knitr          [* -> 1.51]
2026-10-01T13:32:17.8276918Z - labeling       [* -> 0.4.3]
2026-10-01T13:32:17.8277237Z - later          [* -> 1.4.8]
2026-10-01T13:32:17.8277551Z - lazyeval       [* -> 0.2.3]
2026-10-01T13:32:17.8277923Z - lifecycle      [* -> 1.0.5]
2026-10-01T13:32:17.8278489Z - lme4           [* -> 2.0-6]
2026-10-01T13:32:17.8278831Z - magrittr       [* -> 2.0.5]
2026-10-01T13:32:17.8279150Z - memoise        [* -> 2.0.1]
2026-10-01T13:32:17.8279458Z - mime           [* -> 0.13]
2026-10-01T13:32:17.8279772Z - minqa          [* -> 1.2.8]
2026-10-01T13:32:17.8280092Z - nloptr         [* -> 2.2.1]
2026-10-01T13:32:17.8280411Z - openssl        [* -> 2.4.2]
2026-10-01T13:32:17.8280739Z - otel           [* -> 0.2.0]
2026-10-01T13:32:17.8281058Z - pillar         [* -> 1.11.1]
2026-10-01T13:32:17.8281422Z - pingr          [* -> 2.0.5]
2026-10-01T13:32:17.8281749Z - pkgbuild       [* -> 1.4.8]
2026-10-01T13:32:17.8282071Z - pkgconfig      [* -> 2.0.3]
2026-10-01T13:32:17.8282394Z - pkgload        [* -> 1.5.3]
2026-10-01T13:32:17.8282711Z - plotly         [* -> 4.12.0]
2026-10-01T13:32:17.8283030Z - praise         [* -> 1.0.0]
2026-10-01T13:32:17.8283358Z - prettyunits    [* -> 1.2.0]
2026-10-01T13:32:17.8283670Z - processx       [* -> 3.9.0]
2026-10-01T13:32:17.8283981Z - progress       [* -> 1.2.3]
2026-10-01T13:32:17.8284285Z - promises       [* -> 1.5.0]
2026-10-01T13:32:17.8284592Z - ps             [* -> 1.9.3]
2026-10-01T13:32:17.8284896Z - purrr          [* -> 1.2.2]
2026-10-01T13:32:17.8285207Z - R6             [* -> 2.6.1]
2026-10-01T13:32:17.8285531Z - rappdirs       [* -> 0.3.4]
2026-10-01T13:32:17.8285851Z - rbibutils      [* -> 2.4.1]
2026-10-01T13:32:17.8286185Z - RColorBrewer   [* -> 1.1-3]
2026-10-01T13:32:17.8286495Z - Rcpp           [* -> 1.1.2]
2026-10-01T13:32:17.8286814Z - RcppEigen      [* -> 0.3.4.0.2]
2026-10-01T13:32:17.8287144Z - Rdpack         [* -> 2.6.6]
2026-10-01T13:32:17.8287799Z - readxl         [* -> 1.5.0]
2026-10-01T13:32:17.8288127Z - reformulas     [* -> 0.4.4]
2026-10-01T13:32:17.8288459Z - rematch        [* -> 2.0.0]
2026-10-01T13:32:17.8288782Z - rlang          [* -> 1.3.0]
2026-10-01T13:32:17.8289099Z - rmarkdown      [* -> 2.31]
2026-10-01T13:32:17.8289417Z - rprojroot      [* -> 2.1.1]
2026-10-01T13:32:17.8289731Z - S7             [* -> 0.2.2]
2026-10-01T13:32:17.8290039Z - sass           [* -> 0.4.10]
2026-10-01T13:32:17.8290367Z - scales         [* -> 1.4.0]
2026-10-01T13:32:17.8290682Z - shiny          [* -> 1.14.0]
2026-10-01T13:32:17.8290990Z - shinyAce       [* -> 0.4.4]
2026-10-01T13:32:17.8291300Z - shinytest2     [* -> 0.5.1]
2026-10-01T13:32:17.8291651Z - shinyWidgets   [* -> 0.9.1]
2026-10-01T13:32:17.8291956Z - sourcetools    [* -> 0.1.7-2]
2026-10-01T13:32:17.8292277Z - stringi        [* -> 1.8.7]
2026-10-01T13:32:17.8292618Z - stringr        [* -> 1.6.0]
2026-10-01T13:32:17.8292930Z - sys            [* -> 3.4.3]
2026-10-01T13:32:17.8293242Z - testthat       [* -> 3.3.2]
2026-10-01T13:32:17.8293553Z - tibble         [* -> 3.3.1]
2026-10-01T13:32:17.8293858Z - tidyr          [* -> 1.3.2]
2026-10-01T13:32:17.8294179Z - tidyselect     [* -> 1.2.1]
2026-10-01T13:32:17.8294495Z - tinytex        [* -> 0.60]
2026-10-01T13:32:17.8294805Z - utf8           [* -> 1.2.6]
2026-10-01T13:32:17.8295114Z - vctrs          [* -> 0.7.3]
2026-10-01T13:32:17.8295432Z - viridisLite    [* -> 0.4.3]
2026-10-01T13:32:17.8295942Z - waldo          [* -> 0.6.2]
2026-10-01T13:32:17.8296249Z - webshot2       [* -> 0.1.2]
2026-10-01T13:32:17.8296554Z - websocket      [* -> 1.4.4]
2026-10-01T13:32:17.8296914Z - withr          [* -> 3.0.3]
2026-10-01T13:32:17.8297245Z - xfun           [* -> 0.60]
2026-10-01T13:32:17.8297553Z - xtable         [* -> 1.8-8]
2026-10-01T13:32:17.8297882Z - yaml           [* -> 2.3.12]
2026-10-01T13:32:17.8298192Z - zip            [* -> 3.0.1]
2026-10-01T13:32:17.8298415Z 
2026-10-01T13:32:19.0048269Z - Querying repositories for available source packages ... Done!
2026-10-01T13:32:24.2950987Z # Downloading packages -------------------------------------------------------
2026-10-01T13:32:28.6737063Z [32m✔[0m Rdpack 2.6.6                             [650 kB in 0.29s]
2026-10-01T13:32:28.6737814Z [32m✔[0m fastmap 1.2.0                            [142 kB in 0.3s]
2026-10-01T13:32:28.6743331Z [32m✔[0m testthat 3.3.2                           [2.5 MB in 0.3s]
2026-10-01T13:32:28.6750588Z [32m✔[0m magrittr 2.0.5                           [230 kB in 0.3s]
2026-10-01T13:32:28.6757340Z [32m✔[0m otel 0.2.0                               [287 kB in 0.3s]
2026-10-01T13:32:28.6764284Z [32m✔[0m pkgconfig 2.0.3                          [23 kB in 0.3s]
2026-10-01T13:32:28.6771123Z [32m✔[0m crayon 1.5.3                             [169 kB in 0.31s]
2026-10-01T13:32:28.6777231Z [32m✔[0m httr2 1.3.0                              [996 kB in 0.31s]
2026-10-01T13:32:28.6783320Z [32m✔[0m AsioHeaders 1.30.2-1                     [1.1 MB in 0.31s]
2026-10-01T13:32:28.6788730Z [32m✔[0m vctrs 0.7.3                              [1.9 MB in 0.31s]
2026-10-01T13:32:28.6794072Z [32m✔[0m stringr 1.6.0                            [353 kB in 0.32s]
2026-10-01T13:32:28.6798661Z [32m✔[0m backports 1.5.1                          [126 kB in 0.32s]
2026-10-01T13:32:28.6803103Z [32m✔[0m gridExtra 2.3.1                          [531 kB in 0.32s]
2026-10-01T13:32:28.6807320Z [32m✔[0m callr 3.8.0                              [506 kB in 0.32s]
2026-10-01T13:32:28.6811246Z [32m✔[0m rlang 1.3.0                              [1.6 MB in 0.32s]
2026-10-01T13:32:28.6813972Z [32m✔[0m readxl 1.5.0                             [2.1 MB in 0.32s]
2026-10-01T13:32:28.7835588Z [32m✔[0m labeling 0.4.3                           [64 kB in 70s]
2026-10-01T13:32:28.7842645Z [32m✔[0m fontawesome 0.5.3                        [1.4 MB in 70s]
2026-10-01T13:32:28.7851321Z [32m✔[0m utf8 1.2.6                               [155 kB in 68s]
2026-10-01T13:32:28.7859863Z [32m✔[0m cachem 1.1.0                             [80 kB in 67s]
2026-10-01T13:32:28.7867767Z [32m✔[0m ps 1.9.3                                 [680 kB in 72s]
2026-10-01T13:32:28.7879475Z [32m✔[0m nloptr 2.2.1                             [907 kB in 73s]
2026-10-01T13:32:28.7895459Z [32m✔[0m purrr 1.2.2                              [571 kB in 74s]
2026-10-01T13:32:28.7896186Z [32m✔[0m waldo 0.6.2                              [139 kB in 74s]
2026-10-01T13:32:28.7906774Z [32m✔[0m jsonlite 2.0.0                           [1.1 MB in 69s]
2026-10-01T13:32:28.7912010Z [32m✔[0m promises 1.5.0                           [1.7 MB in 77s]
2026-10-01T13:32:28.7917937Z [32m✔[0m progress 1.2.3                           [92 kB in 70s]
2026-10-01T13:32:28.7923512Z [32m✔[0m tinytex 0.60                             [38 kB in 78s]
2026-10-01T13:32:28.7937567Z [32m✔[0m shinyAce 0.4.4                           [2.0 MB in 80s]
2026-10-01T13:32:28.7946949Z [32m✔[0m rmarkdown 2.31                           [2.2 MB in 91s]
2026-10-01T13:32:28.7947591Z [32m✔[0m xfun 0.60                                [205 kB in 95s]
2026-10-01T13:32:28.7959141Z [32m✔[0m highr 0.12                               [45 kB in 71s]
2026-10-01T13:32:28.7966476Z [32m✔[0m later 1.4.8                              [475 kB in 74s]
2026-10-01T13:32:28.7972539Z [32m✔[0m prettyunits 1.2.0                        [159 kB in 70s]
2026-10-01T13:32:28.7977736Z [32m✔[0m pkgload 1.5.3                            [229 kB in 65s]
2026-10-01T13:32:28.7982431Z [32m✔[0m R6 2.6.1                                 [90 kB in 70s]
2026-10-01T13:32:28.7991246Z [32m✔[0m jquerylib 0.1.4                          [527 kB in 67s]
2026-10-01T13:32:28.7997910Z [32m✔[0m RColorBrewer 1.1-3                       [55 kB in 68s]
2026-10-01T13:32:28.8002022Z [32m✔[0m brio 1.1.5                               [43 kB in 70s]
2026-10-01T13:32:28.9104506Z [32m✔[0m cellranger 1.1.0                         [110 kB in 74s]
2026-10-01T13:32:28.9108774Z [32m✔[0m base64enc 0.1-6                          [35 kB in 67s]
2026-10-01T13:32:28.9116097Z [32m✔[0m Rcpp 1.1.2                               [3.0 MB in 80s]
2026-10-01T13:32:28.9124073Z [32m✔[0m httpuv 1.6.17                            [1.1 MB in 68s]
2026-10-01T13:32:28.9131265Z [32m✔[0m knitr 1.51                               [483 kB in 87s]
2026-10-01T13:32:28.9138450Z [32m✔[0m bslib 0.11.0                             [5.8 MB in 94s]
2026-10-01T13:32:28.9143436Z [32m✔[0m stringi 1.8.7                            [11.9 MB in 0.1s]
2026-10-01T13:32:28.9150821Z [32m✔[0m tidyselect 1.2.1                         [230 kB in 69s]
2026-10-01T13:32:28.9157336Z [32m✔[0m yaml 2.3.12                              [123 kB in 72s]
2026-10-01T13:32:28.9164296Z [32m✔[0m sourcetools 0.1.7-2                      [131 kB in 66s]
2026-10-01T13:32:28.9170811Z [32m✔[0m websocket 1.4.4                          [3.1 MB in 75s]
2026-10-01T13:32:28.9176705Z [32m✔[0m tibble 3.3.1                             [668 kB in 68s]
2026-10-01T13:32:28.9182904Z [32m✔[0m processx 3.9.0                           [782 kB in 73s]
2026-10-01T13:32:28.9187800Z [32m✔[0m curl 7.1.0                               [715 kB in 77s]
2026-10-01T13:32:28.9193260Z [32m✔[0m pkgbuild 1.4.8                           [213 kB in 77s]
2026-10-01T13:32:28.9214166Z [32m✔[0m withr 3.0.3                              [235 kB in 70s]
2026-10-01T13:32:28.9214850Z [32m✔[0m S7 0.2.2                                 [350 kB in 69s]
2026-10-01T13:32:28.9215410Z [32m✔[0m askpass 1.2.1                            [75 kB in 68s]
2026-10-01T13:32:28.9218249Z [32m✔[0m evaluate 1.0.5                           [106 kB in 67s]
2026-10-01T13:32:28.9218817Z [32m✔[0m shiny 1.14.0                             [4.6 MB in 83s]
2026-10-01T13:32:28.9222514Z [32m✔[0m desc 1.4.3                               [343 kB in 70s]
2026-10-01T13:32:28.9226246Z [32m✔[0m isoband 0.3.0                            [2.0 MB in 70s]
2026-10-01T13:32:29.0366758Z [32m✔[0m pillar 1.11.1                            [675 kB in 68s]
2026-10-01T13:32:29.0380153Z [32m✔[0m checkmate 2.3.4                          [774 kB in 71s]
2026-10-01T13:32:29.0394281Z [32m✔[0m pingr 2.0.5                              [63 kB in 68s]
2026-10-01T13:32:29.0409575Z [32m✔[0m RcppEigen 0.3.4.0.2                      [2.6 MB in 77s]
2026-10-01T13:32:29.0480285Z [32m✔[0m reformulas 0.4.4                         [161 kB in 71s]
2026-10-01T13:32:29.0480991Z [32m✔[0m DT 0.34.0                                [2.0 MB in 72s]
2026-10-01T13:32:29.0481609Z [32m✔[0m generics 0.1.4                           [86 kB in 69s]
2026-10-01T13:32:29.0525426Z [32m✔[0m rprojroot 2.1.1                          [124 kB in 72s]
2026-10-01T13:32:29.0526053Z [32m✔[0m chromote 0.5.1                           [695 kB in 71s]
2026-10-01T13:32:29.0526616Z [32m✔[0m hms 1.1.4                                [110 kB in 71s]
2026-10-01T13:32:29.0527130Z [32m✔[0m commonmark 2.0.0                         [142 kB in 77s]
2026-10-01T13:32:29.0527649Z [32m✔[0m plotly 4.12.0                            [4.6 MB in 99s]
2026-10-01T13:32:29.0558560Z [32m✔[0m scales 1.4.0                             [881 kB in 75s]
2026-10-01T13:32:29.0559172Z [32m✔[0m ggplot2 4.0.3                            [8.5 MB in 87s]
2026-10-01T13:32:29.0595170Z [32m✔[0m minqa 1.2.8                              [456 kB in 73s]
2026-10-01T13:32:29.0596101Z [32m✔[0m globals 0.19.1                           [177 kB in 66s]
2026-10-01T13:32:29.0596663Z [32m✔[0m glue 1.8.1                               [191 kB in 69s]
2026-10-01T13:32:29.0597197Z [32m✔[0m webshot2 0.1.2                           [573 kB in 70s]
2026-10-01T13:32:29.0601190Z [32m✔[0m sys 3.4.3                                [47 kB in 68s]
2026-10-01T13:32:29.0606303Z [32m✔[0m diffobj 0.3.8                            [471 kB in 74s]
2026-10-01T13:32:29.0611368Z [32m✔[0m cpp11 0.5.5                              [327 kB in 71s]
2026-10-01T13:32:29.0616415Z [32m✔[0m lme4 2.0-6                               [5.8 MB in 86s]
2026-10-01T13:32:29.0621417Z [32m✔[0m lazyeval 0.2.3                           [203 kB in 0.11s]
2026-10-01T13:32:29.0626029Z [32m✔[0m xtable 1.8-8                             [761 kB in 0.12s]
2026-10-01T13:32:29.0631218Z [32m✔[0m rbibutils 2.4.1                          [1.0 MB in 80s]
2026-10-01T13:32:29.0634491Z [32m✔[0m data.table 1.18.4                        [6.0 MB in 99s]
2026-10-01T13:32:29.0638109Z [32m✔[0m tidyr 1.3.2                              [1.3 MB in 83s]
2026-10-01T13:32:29.1781168Z [32m✔[0m crosstalk 1.2.2                          [419 kB in 70s]
2026-10-01T13:32:29.1789679Z [32m✔[0m cli 3.6.6                                [1.4 MB in 70s]
2026-10-01T13:32:29.1797755Z [32m✔[0m rappdirs 0.3.4                           [54 kB in 69s]
2026-10-01T13:32:29.1805604Z [32m✔[0m rematch 2.0.0                            [21 kB in 68s]
2026-10-01T13:32:29.1817759Z [32m✔[0m viridisLite 0.4.3                        [1.3 MB in 70s]
2026-10-01T13:32:29.1825569Z [32m✔[0m fs 2.1.0                                 [426 kB in 0.12s]
2026-10-01T13:32:29.1845132Z [32m✔[0m praise 1.0.0                             [20 kB in 64s]
2026-10-01T13:32:29.1845775Z [32m✔[0m gtable 0.3.6                             [253 kB in 68s]
2026-10-01T13:32:29.1856571Z [32m✔[0m ggfortify 0.4.19                         [85 kB in 0.47s]
2026-10-01T13:32:29.1866675Z [32m✔[0m farver 2.1.2                             [1.5 MB in 69s]
2026-10-01T13:32:29.1876145Z [32m✔[0m dplyr 1.2.1                              [1.6 MB in 84s]
2026-10-01T13:32:29.1885216Z [32m✔[0m sass 0.4.10                              [2.6 MB in 76s]
2026-10-01T13:32:29.1899663Z [32m✔[0m digest 0.6.39                            [226 kB in 73s]
2026-10-01T13:32:29.1910715Z [32m✔[0m htmlwidgets 1.6.4                        [814 kB in 74s]
2026-10-01T13:32:29.1911460Z [32m✔[0m memoise 2.0.1                            [54 kB in 70s]
2026-10-01T13:32:29.1923287Z [32m✔[0m htmltools 0.5.9                          [364 kB in 68s]
2026-10-01T13:32:29.1929404Z [32m✔[0m lifecycle 1.0.5                          [151 kB in 68s]
2026-10-01T13:32:29.1932522Z [32m✔[0m nlme 3.1-170                             [845 kB in 0.14s]
2026-10-01T13:32:29.1942282Z [32m✔[0m mime 0.13                                [53 kB in 69s]
2026-10-01T13:32:29.1946595Z [32m✔[0m shinyWidgets 0.9.1                       [1.7 MB in 75s]
2026-10-01T13:32:29.1961118Z [32m✔[0m httr 1.4.8                               [114 kB in 76s]
2026-10-01T13:32:29.1961739Z [32m✔[0m openssl 2.4.2                            [3.6 MB in 77s]
2026-10-01T13:32:29.3046119Z [32m✔[0m MASS 7.3-66                              [1.2 MB in 69s]
2026-10-01T13:32:29.3046903Z [32m✔[0m shinytest2 0.5.1                         [3.2 MB in 78s]
2026-10-01T13:32:29.3047532Z [32m✔[0m zip 3.0.1                                [447 kB in 0.45s]
2026-10-01T13:32:29.4244103Z Successfully downloaded 113 packages in 1.5 seconds.
2026-10-01T13:32:29.4246063Z 
2026-10-01T13:32:29.4250589Z # Installing packages --------------------------------------------------------
2026-10-01T13:32:33.3646993Z [32m✔[0m AsioHeaders 1.30.2-1                     [installed binary in 1.1s]
2026-10-01T13:32:34.7232876Z [32m✔[0m backports 1.5.1                          [installed binary]
2026-10-01T13:32:35.0293646Z [32m✔[0m base64enc 0.1-6                          [installed binary]
2026-10-01T13:32:35.2869666Z [32m✔[0m brio 1.1.5                               [installed binary]
2026-10-01T13:32:35.5925526Z [32m✔[0m cli 3.6.6                                [installed binary]
2026-10-01T13:32:36.2125920Z [32m✔[0m commonmark 2.0.0                         [installed binary]
2026-10-01T13:32:36.4959547Z [32m✔[0m cpp11 0.5.5                              [installed binary]
2026-10-01T13:32:36.7432550Z [32m✔[0m crayon 1.5.3                             [installed binary]
2026-10-01T13:32:37.2822611Z [32m✔[0m digest 0.6.39                            [installed binary]
2026-10-01T13:32:37.4599235Z [32m✔[0m evaluate 1.0.5                           [installed binary]
2026-10-01T13:32:37.8264917Z [32m✔[0m farver 2.1.2                             [installed binary]
2026-10-01T13:32:37.9953600Z [32m✔[0m fastmap 1.2.0                            [installed binary]
2026-10-01T13:32:38.2161039Z [32m✔[0m fs 2.1.0                                 [installed binary]
2026-10-01T13:32:38.3995237Z [32m✔[0m generics 0.1.4                           [installed binary]
2026-10-01T13:32:40.1711967Z [32m✔[0m globals 0.19.1                           [installed binary]
2026-10-01T13:32:40.3895772Z [32m✔[0m glue 1.8.1                               [installed binary]
2026-10-01T13:32:40.7076211Z [32m✔[0m jsonlite 2.0.0                           [installed binary]
2026-10-01T13:32:40.9937277Z [32m✔[0m labeling 0.4.3                           [installed binary]
2026-10-01T13:32:41.5757044Z [32m✔[0m magrittr 2.0.5                           [installed binary]
2026-10-01T13:32:42.0235933Z [32m✔[0m MASS 7.3-66                              [installed binary]
2026-10-01T13:32:42.2185954Z [32m✔[0m mime 0.13                                [installed binary]
2026-10-01T13:32:42.5469124Z [32m✔[0m nloptr 2.2.1                             [installed binary]
2026-10-01T13:32:43.1181988Z [32m✔[0m otel 0.2.0                               [installed binary]
2026-10-01T13:32:43.3266178Z [32m✔[0m pkgconfig 2.0.3                          [installed binary]
2026-10-01T13:32:43.5283283Z [32m✔[0m praise 1.0.0                             [installed binary]
2026-10-01T13:32:43.8784269Z [32m✔[0m prettyunits 1.2.0                        [installed binary]
2026-10-01T13:32:45.0415966Z [32m✔[0m ps 1.9.3                                 [installed binary]
2026-10-01T13:32:45.3305036Z [32m✔[0m R6 2.6.1                                 [installed binary]
2026-10-01T13:32:45.8322827Z [32m✔[0m rappdirs 0.3.4                           [installed binary]
2026-10-01T13:32:46.1842369Z [32m✔[0m rbibutils 2.4.1                          [installed binary]
2026-10-01T13:32:46.4799167Z [32m✔[0m RColorBrewer 1.1-3                       [installed binary]
2026-10-01T13:32:50.0578745Z [32m✔[0m Rcpp 1.1.2                               [installed binary in 0.89s]
2026-10-01T13:32:50.8649431Z [32m✔[0m rematch 2.0.0                            [installed binary]
2026-10-01T13:32:51.0889078Z [32m✔[0m rlang 1.3.0                              [installed binary]
2026-10-01T13:32:51.4246521Z [32m✔[0m rprojroot 2.1.1                          [installed binary]
2026-10-01T13:32:51.7265932Z [32m✔[0m S7 0.2.2                                 [installed binary]
2026-10-01T13:32:52.0869509Z [32m✔[0m sourcetools 0.1.7-2                      [installed binary]
2026-10-01T13:32:52.5956081Z [32m✔[0m sys 3.4.3                                [installed binary]
2026-10-01T13:32:52.8245953Z [32m✔[0m utf8 1.2.6                               [installed binary]
2026-10-01T13:32:53.2076776Z [32m✔[0m viridisLite 0.4.3                        [installed binary]
2026-10-01T13:32:53.5137895Z [32m✔[0m withr 3.0.3                              [installed binary]
2026-10-01T13:33:35.1443959Z [32m✔[0m curl 7.1.0                               [built from source in 58s]
2026-10-01T13:33:36.7513955Z [32m✔[0m xtable 1.8-8                             [installed binary in 1.5s]
2026-10-01T13:33:37.3125698Z [32m✔[0m yaml 2.3.12                              [installed binary]
2026-10-01T13:33:37.9776604Z [32m✔[0m checkmate 2.3.4                          [installed binary]
2026-10-01T13:33:38.0202053Z [32m✔[0m nlme 3.1-170                             [built from source in 56s]
2026-10-01T13:33:53.2567437Z [32m✔[0m xfun 0.60                                [built from source in 18s]
2026-10-01T13:33:54.6824260Z [32m✔[0m desc 1.4.3                               [installed binary in 1.3s]
2026-10-01T13:33:58.6311294Z [32m✔[0m processx 3.9.0                           [installed binary in 3.2s]
2026-10-01T13:33:59.8880958Z [32m✔[0m Rdpack 2.6.6                             [installed binary in 1.1s]
2026-10-01T13:34:01.9600190Z [32m✔[0m minqa 1.2.8                              [installed binary in 2.0s]
2026-10-01T13:34:09.7701444Z [32m✔[0m RcppEigen 0.3.4.0.2                      [installed binary in 6.9s]
2026-10-01T13:34:12.4199103Z [32m✔[0m cachem 1.1.0                             [installed binary in 2.5s]
2026-10-01T13:34:13.6346116Z [32m✔[0m htmltools 0.5.9                          [installed binary in 1.1s]
2026-10-01T13:34:14.0793952Z [32m✔[0m isoband 0.3.0                            [installed binary]
2026-10-01T13:34:15.6126524Z [32m✔[0m later 1.4.8                              [installed binary in 1.3s]
2026-10-01T13:34:15.9936353Z [32m✔[0m lazyeval 0.2.3                           [installed binary]
2026-10-01T13:34:17.2276249Z [32m✔[0m lifecycle 1.0.5                          [installed binary in 1.0s]
2026-10-01T13:34:18.2589205Z [32m✔[0m askpass 1.2.1                            [installed binary in 0.94s]
2026-10-01T13:34:19.3181845Z [32m✔[0m highr 0.12                               [installed binary in 0.94s]
2026-10-01T13:34:19.3455083Z [32m✔[0m data.table 1.18.4                        [built from source in 1.7m]
2026-10-01T13:34:20.9334511Z [32m✔[0m callr 3.8.0                              [installed binary in 1.3s]
2026-10-01T13:34:21.6679373Z [32m✔[0m pingr 2.0.5                              [installed binary in 0.61s]
2026-10-01T13:34:22.0614862Z [32m✔[0m reformulas 0.4.4                         [installed binary]
2026-10-01T13:34:22.6056614Z [32m✔[0m memoise 2.0.1                            [installed binary]
2026-10-01T13:34:23.0597651Z [32m✔[0m fontawesome 0.5.3                        [installed binary]
2026-10-01T13:34:24.2509665Z [32m✔[0m jquerylib 0.1.4                          [installed binary in 1.1s]
2026-10-01T13:34:24.8112742Z [32m✔[0m sass 0.4.10                              [installed binary]
2026-10-01T13:34:25.6118455Z [32m✔[0m websocket 1.4.4                          [installed binary]
2026-10-01T13:34:25.9828862Z [32m✔[0m crosstalk 1.2.2                          [installed binary]
2026-10-01T13:34:26.5795534Z [32m✔[0m gtable 0.3.6                             [installed binary]
2026-10-01T13:34:26.9395843Z [32m✔[0m promises 1.5.0                           [installed binary]
2026-10-01T13:34:27.2845827Z [32m✔[0m scales 1.4.0                             [installed binary]
2026-10-01T13:34:27.7413521Z [32m✔[0m vctrs 0.7.3                              [installed binary]
2026-10-01T13:34:28.3982744Z [32m✔[0m openssl 2.4.2                            [installed binary]
2026-10-01T13:34:28.4190213Z [32m✔[0m diffobj 0.3.8                            [built from source in 35s]
2026-10-01T13:34:29.1774754Z [32m✔[0m pkgbuild 1.4.8                           [installed binary in 0.7s]
2026-10-01T13:34:31.1747152Z [32m✔[0m lme4 2.0-6                               [installed binary in 1.1s]
2026-10-01T13:34:31.2232503Z [32m✔[0m zip 3.0.1                                [built from source in 53s]
2026-10-01T13:34:32.5289211Z [32m✔[0m gridExtra 2.3.1                          [installed binary in 1.2s]
2026-10-01T13:34:33.6108353Z [32m✔[0m httpuv 1.6.17                            [installed binary in 0.82s]
2026-10-01T13:34:38.3346133Z [32m✔[0m ggplot2 4.0.3                            [installed binary in 1.5s]
2026-10-01T13:34:39.4136428Z [32m✔[0m hms 1.1.4                                [installed binary in 0.97s]
2026-10-01T13:34:39.8599413Z [32m✔[0m pillar 1.11.1                            [installed binary]
2026-10-01T13:34:40.9212704Z [32m✔[0m purrr 1.2.2                              [installed binary in 0.68s]
2026-10-01T13:34:41.7552158Z [32m✔[0m tidyselect 1.2.1                         [installed binary in 0.69s]
2026-10-01T13:34:41.7887798Z [32m✔[0m tinytex 0.60                             [built from source in 22s]
2026-10-01T13:34:42.1940547Z [32m✔[0m httr2 1.3.0                              [installed binary]
2026-10-01T13:34:43.4715053Z [32m✔[0m waldo 0.6.2                              [installed binary in 1.2s]
2026-10-01T13:34:44.3260599Z [32m✔[0m pkgload 1.5.3                            [installed binary in 0.79s]
2026-10-01T13:34:44.8944330Z [32m✔[0m chromote 0.5.1                           [installed binary]
2026-10-01T13:34:45.4414759Z [32m✔[0m progress 1.2.3                           [installed binary]
2026-10-01T13:34:45.8921061Z [32m✔[0m tibble 3.3.1                             [installed binary]
2026-10-01T13:34:46.8705931Z [32m✔[0m testthat 3.3.2                           [installed binary in 0.71s]
2026-10-01T13:34:47.5589846Z [32m✔[0m webshot2 0.1.2                           [installed binary]
2026-10-01T13:34:47.7764873Z [32m✔[0m cellranger 1.1.0                         [installed binary]
2026-10-01T13:34:48.1411333Z [32m✔[0m dplyr 1.2.1                              [installed binary]
2026-10-01T13:34:48.1726825Z [32m✔[0m knitr 1.51                               [built from source in 20s]
2026-10-01T13:34:48.2452658Z [32m✔[0m bslib 0.11.0                             [built from source in 17s]
2026-10-01T13:34:50.5665252Z [32m✔[0m shiny 1.14.0                             [installed binary in 1.5s]
2026-10-01T13:35:03.3937023Z [32m✔[0m shinyAce 0.4.4                           [installed binary in 11s]
2026-10-01T13:35:08.2651415Z [32m✔[0m shinyWidgets 0.9.1                       [installed binary in 4.2s]
2026-10-01T13:35:08.3011594Z [32m✔[0m httr 1.4.8                               [built from source in 26s]
2026-10-01T13:35:08.3285513Z [32m✔[0m rmarkdown 2.31                           [built from source in 20s]
2026-10-01T13:35:09.0174372Z [32m✔[0m htmlwidgets 1.6.4                        [installed binary]
2026-10-01T13:35:09.4547039Z [32m✔[0m shinytest2 0.5.1                         [installed binary]
2026-10-01T13:35:11.1633718Z [32m✔[0m DT 0.34.0                                [installed binary in 1.3s]
2026-10-01T13:35:13.1340836Z [32m✔[0m readxl 1.5.0                             [built from source in 25s]
2026-10-01T13:41:01.5049378Z [32m✔[0m stringi 1.8.7                            [built from source in 8.2m]
2026-10-01T13:41:02.8050972Z [32m✔[0m stringr 1.6.0                            [installed binary]
2026-10-01T13:41:03.6528606Z [32m✔[0m tidyr 1.3.2                              [installed binary]
2026-10-01T13:41:18.0204091Z [32m✔[0m ggfortify 0.4.19                         [built from source in 14s]
2026-10-01T13:41:21.8181806Z [32m✔[0m plotly 4.12.0                            [built from source in 18s]
2026-10-01T13:41:21.9568171Z Successfully installed 113 packages in 530 seconds.
2026-10-01T13:41:25.1983291Z ##[end-action id=__r-lib_actions_2.__run_3;outcome=success;conclusion=success;duration_ms=547912]
2026-10-01T13:41:25.1989511Z ##[start-action display=Don't use tar 1.30 from Rtools35 to store the cache;id=__r-lib_actions_2.__run_4]
2026-10-01T13:41:25.2164112Z ##[group]Run if command -v /c/Rtools/bin/tar && /c/Rtools/bin/tar --version | grep -q 'tar (GNU tar) 1.30'
2026-10-01T13:41:25.2165016Z [36;1mif command -v /c/Rtools/bin/tar && /c/Rtools/bin/tar --version | grep -q 'tar (GNU tar) 1.30'[0m
2026-10-01T13:41:25.2165623Z [36;1m  then echo 'C:/Program Files/Git/usr/bin' >> $GITHUB_PATH[0m
2026-10-01T13:41:25.2166020Z [36;1mfi[0m
2026-10-01T13:41:25.2171198Z shell: C:\rtools45\usr\bin\bash.EXE --noprofile --norc -e -o pipefail {0}
2026-10-01T13:41:25.2171637Z env:
2026-10-01T13:41:25.2171878Z   _R_INSTALL_TIME_PATCHES_: no
2026-10-01T13:41:25.2172161Z   RTOOLS45_HOME: C:\rtools45
2026-10-01T13:41:25.2172504Z   R_LIBS_USER: D:\a\_temp\Library
2026-10-01T13:41:25.2172786Z   TZ: UTC
2026-10-01T13:41:25.2173021Z   _R_CHECK_SYSTEM_CLOCK_: FALSE
2026-10-01T13:41:25.2173298Z   NOT_CRAN: true
2026-10-01T13:41:25.2173620Z   RSPM: https://packagemanager.posit.co/cran/latest
2026-10-01T13:41:25.2174086Z   RENV_CONFIG_REPOS_OVERRIDE: https://packagemanager.posit.co/cran/latest
2026-10-01T13:41:25.2174517Z   RENV_PATHS_ROOT: D:\a\_temp/renv
2026-10-01T13:41:25.2174854Z   LMPLOT_EXPLICIT_BOOTSTRAP: 1
2026-10-01T13:41:25.2175148Z ##[endgroup]
2026-10-01T13:41:25.2652452Z ##[end-action id=__r-lib_actions_2.__run_4;outcome=success;conclusion=success;duration_ms=66]
2026-10-01T13:41:25.2654710Z ##[start-action display=Save Renv package cache;id=__r-lib_actions_2.__actions_cache_2]
2026-10-01T13:41:25.2675376Z ##[end-action id=__r-lib_actions_2.__actions_cache_2;outcome=skipped;conclusion=skipped;duration_ms=0]
2026-10-01T13:41:25.2784632Z ##[group]Run if ($env:RUNNER_OS -eq 'Windows') {
2026-10-01T13:41:25.2784946Z [36;1mif ($env:RUNNER_OS -eq 'Windows') {[0m
2026-10-01T13:41:25.2785249Z [36;1m  $chrome = Join-Path $env:ProgramFiles 'Google\Chrome\Application\chrome.exe'[0m
2026-10-01T13:41:25.2785618Z [36;1m  if (!(Test-Path -LiteralPath $chrome)) { throw "Chrome was not found: $chrome" }[0m
2026-10-01T13:41:25.2785901Z [36;1m} else {[0m
2026-10-01T13:41:25.2786127Z [36;1m  $chrome = (Get-Command google-chrome -ErrorAction Stop).Source[0m
2026-10-01T13:41:25.2786399Z [36;1m}[0m
2026-10-01T13:41:25.2786655Z [36;1m"CHROMOTE_CHROME=$chrome" | Out-File -FilePath $env:GITHUB_ENV -Encoding utf8 -Append[0m
2026-10-01T13:41:25.2885901Z shell: C:\Program Files\PowerShell\7\pwsh.EXE -command ". '{0}'"
2026-10-01T13:41:25.2886166Z env:
2026-10-01T13:41:25.2886347Z   _R_INSTALL_TIME_PATCHES_: no
2026-10-01T13:41:25.2886554Z   RTOOLS45_HOME: C:\rtools45
2026-10-01T13:41:25.2886799Z   R_LIBS_USER: D:\a\_temp\Library
2026-10-01T13:41:25.2886989Z   TZ: UTC
2026-10-01T13:41:25.2887152Z   _R_CHECK_SYSTEM_CLOCK_: FALSE
2026-10-01T13:41:25.2887336Z   NOT_CRAN: true
2026-10-01T13:41:25.2887547Z   RSPM: https://packagemanager.posit.co/cran/latest
2026-10-01T13:41:25.2887868Z   RENV_CONFIG_REPOS_OVERRIDE: https://packagemanager.posit.co/cran/latest
2026-10-01T13:41:25.2888138Z   RENV_PATHS_ROOT: D:\a\_temp/renv
2026-10-01T13:41:25.2888321Z ##[endgroup]
2026-10-01T13:41:25.7095807Z ##[group]Run $checks = @'
2026-10-01T13:41:25.7096212Z [36;1m$checks = @'[0m
2026-10-01T13:41:25.7096479Z [36;1mstopifnot(getRversion() == "4.6.0")[0m
2026-10-01T13:41:25.7096826Z [36;1mstopifnot(isTRUE(renv::status()$synchronized))[0m
2026-10-01T13:41:25.7097252Z [36;1mrequired <- c("renv", "shiny", "plotly", "bslib", "DT", "ggplot2",[0m
2026-10-01T13:41:25.7097733Z [36;1m  "ggfortify", "lme4", "jsonlite", "shinyWidgets", "shinyAce",[0m
2026-10-01T13:41:25.7098188Z [36;1m  "testthat", "shinytest2", "chromote", "yaml")[0m
2026-10-01T13:41:25.7098658Z [36;1mstopifnot(all(vapply(required, requireNamespace, logical(1), quietly = TRUE)))[0m
2026-10-01T13:41:25.7099120Z [36;1mpackages <- installed.packages()[0m
2026-10-01T13:41:25.7099943Z [36;1mprint(packages[intersect(required, rownames(packages)), c("Package", "Version", "Built"), drop = FALSE])[0m
2026-10-01T13:41:25.7100502Z [36;1mstopifnot(file.exists(Sys.getenv("CHROMOTE_CHROME")))[0m
2026-10-01T13:41:25.7100924Z [36;1mlocal({[0m
2026-10-01T13:41:25.7101203Z [36;1m  browser <- chromote::ChromoteSession$new()[0m
2026-10-01T13:41:25.7101526Z [36;1m  on.exit(browser$close())[0m
2026-10-01T13:41:25.7101818Z [36;1m  print(browser$Browser$getVersion())[0m
2026-10-01T13:41:25.7102097Z [36;1m})[0m
2026-10-01T13:41:25.7102306Z [36;1m'@[0m
2026-10-01T13:41:25.7102864Z [36;1m# The Windows bin/Rscript.exe dispatcher truncates multiline -e input.[0m
2026-10-01T13:41:25.7103357Z [36;1m$checksPath = Join-Path $env:RUNNER_TEMP 'lmplot-ci-checks.R'[0m
2026-10-01T13:41:25.7103836Z [36;1m$checks | Set-Content -LiteralPath $checksPath -Encoding utf8[0m
2026-10-01T13:41:25.7104188Z [36;1mRscript $checksPath[0m
2026-10-01T13:41:25.7104489Z [36;1mif ($LASTEXITCODE -ne 0) { exit $LASTEXITCODE }[0m
2026-10-01T13:41:25.7196665Z shell: C:\Program Files\PowerShell\7\pwsh.EXE -command ". '{0}'"
2026-10-01T13:41:25.7197031Z env:
2026-10-01T13:41:25.7197281Z   _R_INSTALL_TIME_PATCHES_: no
2026-10-01T13:41:25.7197570Z   RTOOLS45_HOME: C:\rtools45
2026-10-01T13:41:25.7197839Z   R_LIBS_USER: D:\a\_temp\Library
2026-10-01T13:41:25.7198103Z   TZ: UTC
2026-10-01T13:41:25.7198330Z   _R_CHECK_SYSTEM_CLOCK_: FALSE
2026-10-01T13:41:25.7198587Z   NOT_CRAN: true
2026-10-01T13:41:25.7198884Z   RSPM: https://packagemanager.posit.co/cran/latest
2026-10-01T13:41:25.7199333Z   RENV_CONFIG_REPOS_OVERRIDE: https://packagemanager.posit.co/cran/latest
2026-10-01T13:41:25.7199782Z   RENV_PATHS_ROOT: D:\a\_temp/renv
2026-10-01T13:41:25.7200169Z   CHROMOTE_CHROME: C:\Program Files\Google\Chrome\Application\chrome.exe
2026-10-01T13:41:25.7200804Z ##[endgroup]
2026-10-01T13:41:28.4209952Z No issues found -- the project is in a consistent state.
2026-10-01T13:41:30.0055178Z              Package        Version 
2026-10-01T13:41:30.0055849Z renv         "renv"         "1.2.3" 
2026-10-01T13:41:30.0056554Z shiny        "shiny"        "1.14.0"
2026-10-01T13:41:30.0056977Z plotly       "plotly"       "4.12.0"
2026-10-01T13:41:30.0057416Z bslib        "bslib"        "0.11.0"
2026-10-01T13:41:30.0057827Z DT           "DT"           "0.34.0"
2026-10-01T13:41:30.0058213Z ggplot2      "ggplot2"      "4.0.3" 
2026-10-01T13:41:30.0058626Z ggfortify    "ggfortify"    "0.4.19"
2026-10-01T13:41:30.0059302Z lme4         "lme4"         "2.0-6" 
2026-10-01T13:41:30.0059689Z jsonlite     "jsonlite"     "2.0.0" 
2026-10-01T13:41:30.0060120Z shinyWidgets "shinyWidgets" "0.9.1" 
2026-10-01T13:41:30.0060532Z shinyAce     "shinyAce"     "0.4.4" 
2026-10-01T13:41:30.0060990Z testthat     "testthat"     "3.3.2" 
2026-10-01T13:41:30.0061410Z shinytest2   "shinytest2"   "0.5.1" 
2026-10-01T13:41:30.0061816Z chromote     "chromote"     "0.5.1" 
2026-10-01T13:41:30.0062226Z yaml         "yaml"         "2.3.12"
2026-10-01T13:41:30.0062710Z              Built                                                          
2026-10-01T13:41:30.0063449Z renv         "R 4.6.0; ; 2026-10-01 13:32:09 UTC; windows"                  
2026-10-01T13:41:30.0070081Z shiny        "R 4.6.0; ; 2026-06-22 05:40:43 UTC; windows"                  
2026-10-01T13:41:30.0070861Z plotly       "R 4.6.0; ; 2026-10-01 13:41:12 UTC; windows"                  
2026-10-01T13:41:30.0071358Z bslib        "R 4.6.0; ; 2026-10-01 13:34:33 UTC; windows"                  
2026-10-01T13:41:30.0071814Z DT           "R 4.6.0; ; 2026-04-23 23:28:03 UTC; windows"                  
2026-10-01T13:41:30.0072296Z ggplot2      "R 4.6.0; ; 2026-04-23 23:02:08 UTC; windows"                  
2026-10-01T13:41:30.0072787Z ggfortify    "R 4.6.0; ; 2026-10-01 13:41:07 UTC; windows"                  
2026-10-01T13:41:30.0073264Z lme4         "R 4.6.0; x86_64-w64-mingw32; 2026-07-25 06:12:31 UTC; windows"
2026-10-01T13:41:30.0073859Z jsonlite     "R 4.6.0; x86_64-w64-mingw32; 2026-04-23 22:39:43 UTC; windows"
2026-10-01T13:41:30.0074381Z shinyWidgets "R 4.6.0; ; 2026-04-23 23:21:35 UTC; windows"                  
2026-10-01T13:41:30.0074905Z shinyAce     "R 4.6.0; ; 2026-04-24 18:36:25 UTC; windows"                  
2026-10-01T13:41:30.0075398Z testthat     "R 4.6.0; x86_64-w64-mingw32; 2026-04-23 23:21:46 UTC; windows"
2026-10-01T13:41:30.0075891Z shinytest2   "R 4.6.0; x86_64-w64-mingw32; 2026-05-07 07:31:51 UTC; windows"
2026-10-01T13:41:30.0076368Z chromote     "R 4.6.0; ; 2026-04-23 23:04:13 UTC; windows"                  
2026-10-01T13:41:30.0076837Z yaml         "R 4.6.0; x86_64-w64-mingw32; 2026-04-23 22:45:39 UTC; windows"
2026-10-01T13:41:40.8143564Z $protocolVersion
2026-10-01T13:41:40.8144262Z [1] "1.3"
2026-10-01T13:41:40.8144517Z 
2026-10-01T13:41:40.8144735Z $product
2026-10-01T13:41:40.8145083Z [1] "Chrome/154.0.8037.58"
2026-10-01T13:41:40.8145386Z 
2026-10-01T13:41:40.8145608Z $revision
2026-10-01T13:41:40.8145979Z [1] "@a654841425914cbb703a2931e07b70a83aedbafd"
2026-10-01T13:41:40.8146265Z 
2026-10-01T13:41:40.8166110Z $userAgent
2026-10-01T13:41:40.8216300Z [1] "Mozilla/5.0 (Windows NT 10.0; Win64; x64) AppleWebKit/537.36 (KHTML, like Gecko) HeadlessChrome/154.0.0.0 Safari/537.36"
2026-10-01T13:41:40.8216767Z 
2026-10-01T13:41:40.8224161Z $jsVersion
2026-10-01T13:41:40.8224448Z [1] "15.4.80.11"
2026-10-01T13:41:40.8224596Z 
2026-10-01T13:41:41.0565837Z ##[group]Run $tests = @'
2026-10-01T13:41:41.0566143Z [36;1m$tests = @'[0m
2026-10-01T13:41:41.0566392Z [36;1mresults <- testthat::test_dir('tests', reporter='summary')[0m
2026-10-01T13:41:41.0566659Z [36;1mevidence <- as.data.frame(results)[0m
2026-10-01T13:41:41.0566955Z [36;1mprint(evidence[c("file", "test", "failed", "error", "warning", "skipped", "passed")])[0m
2026-10-01T13:41:41.0567325Z [36;1mstopifnot(!any(evidence$failed > 0L | evidence$error | evidence$skipped))[0m
2026-10-01T13:41:41.0567586Z [36;1m'@[0m
2026-10-01T13:41:41.0567820Z [36;1m$testsPath = Join-Path $env:RUNNER_TEMP 'lmplot-ci-tests.R'[0m
2026-10-01T13:41:41.0568112Z [36;1m$tests | Set-Content -LiteralPath $testsPath -Encoding utf8[0m
2026-10-01T13:41:41.0568362Z [36;1mRscript $testsPath[0m
2026-10-01T13:41:41.0568584Z [36;1mif ($LASTEXITCODE -ne 0) { exit $LASTEXITCODE }[0m
2026-10-01T13:41:41.0627758Z shell: C:\Program Files\PowerShell\7\pwsh.EXE -command ". '{0}'"
2026-10-01T13:41:41.0628086Z env:
2026-10-01T13:41:41.0628262Z   _R_INSTALL_TIME_PATCHES_: no
2026-10-01T13:41:41.0628479Z   RTOOLS45_HOME: C:\rtools45
2026-10-01T13:41:41.0628687Z   R_LIBS_USER: D:\a\_temp\Library
2026-10-01T13:41:41.0628887Z   TZ: UTC
2026-10-01T13:41:41.0629059Z   _R_CHECK_SYSTEM_CLOCK_: FALSE
2026-10-01T13:41:41.0629239Z   NOT_CRAN: true
2026-10-01T13:41:41.0629455Z   RSPM: https://packagemanager.posit.co/cran/latest
2026-10-01T13:41:41.0629767Z   RENV_CONFIG_REPOS_OVERRIDE: https://packagemanager.posit.co/cran/latest
2026-10-01T13:41:41.0630040Z   RENV_PATHS_ROOT: D:\a\_temp/renv
2026-10-01T13:41:41.0630295Z   CHROMOTE_CHROME: C:\Program Files\Google\Chrome\Application\chrome.exe
2026-10-01T13:41:41.0630554Z   LMPLOT_TRUSTED_LOCAL: 
2026-10-01T13:41:41.0630729Z ##[endgroup]
2026-10-01T13:41:45.3064401Z acceptance: .........................................................................................................................
2026-10-01T13:41:46.4586619Z accessibility: .................................
2026-10-01T13:41:47.1585860Z analysis_request: ..............................................................................................................................................................................................................
2026-10-01T13:42:50.7975111Z app: .......1................................
2026-10-01T13:42:50.9607240Z app_structure: ............
2026-10-01T13:42:52.1316050Z ci_scripts: ................
2026-10-01T13:43:05.4836550Z cli_contract: ....................................................................................................................................................................................................
2026-10-01T13:43:05.4939968Z config: ..
2026-10-01T13:43:05.6469492Z deployment: ...............................................................................
2026-10-01T13:43:06.0589488Z eli5: ....................................................................................................
2026-10-01T13:43:06.0957364Z example_manifest: ............
2026-10-01T13:43:06.1494099Z example_sources: ............
2026-10-01T13:43:07.4965174Z examples: ................................................................................................
2026-10-01T13:43:24.0754923Z link_browser: ..
2026-10-01T13:43:24.4594672Z model: ....................................................................................................................................................
2026-10-01T13:43:25.9281272Z model_brain: ....................................................................................................................................................................................................................................................................
2026-10-01T13:43:40.2743660Z model_brain_contract: .........................................................................................................................................................................................................................................................................................................................................................................................................................................................................................................................................................................................................................................................................................................................................................................................................................................................................................................................................................................................................................................................................................................................................................................................................................................................................................................................................................................................................................................................................................................................................................................................................................................................................................................................................................................................................................................................................................................................................................................................................................................................................................................................................................................................................................................................................................................................................................................................................................................................................................................................................................................................................................................................................................................................................................................................................................................................................................................................................................................................................................................................................................................................................................................................................................................................................................................................................................................................................................................................................................................................................................................................................................................................................................................................................................................................................................................................................................................................................................................................................................................................................................................................................................................................................................................................................................................................................................................................................................................................................................................................................................................................................................................................................................................................................................................................................................................................................................................................................................................................................................................................................................................................................................................................................................................................................................................................................................................................................................................................................................................................................................................................................................................................................................................................................................................................................................................................................................................................................................................................................................................................................................................................................................................................................................................................................................................................................................................................................................................................................................................................................................................................................................................................................................................................................................................................................................................................................................................................................................................................................................................................................................................................................................................................................................................................................................................................................................................................................................................................................................................................................................................................................................................................................................................................................................................................................................................................................................................................................................................................................................................................................................................................................................................................................................................................................................................................................................................................................................................................................................................................................................................................................................................................................................................................................................................................................................................................................................................................................................................................................................................................................................................................................................................................................................................................................
2026-10-01T13:43:40.2760327Z MODEL_BRAIN_BUDGET elapsed=0.190 seconds bytes=33598128
2026-10-01T13:43:42.1725030Z .....
2026-10-01T13:43:51.4640707Z model_brain_ui: .........................................................................................................................................................................................
2026-10-01T13:43:51.7667792Z model_diagnostics: .......................................................................
2026-10-01T13:43:51.8032967Z model_fitting: ....
2026-10-01T13:43:57.0583961Z pipeline: .........................................................................................................................................................
2026-10-01T13:43:57.8247787Z production_entrypoints: .........
2026-10-01T13:43:58.0877669Z real_data_acceptance: ..................................................
2026-10-01T13:44:04.2280762Z release: .........................................................................................................................................
2026-10-01T13:44:30.2926453Z scientific_copy: .....................................................................................................................
2026-10-01T13:44:31.3090446Z scientific_copy_tables: ................
2026-10-01T13:44:57.8169194Z scientific_metadata: ...............................................................................................................................................................................................................
2026-10-01T13:45:51.0770014Z server: .....................................................................................................................................................
2026-10-01T13:45:53.2132474Z shiny_modules: .................................................
2026-10-01T13:45:53.5149253Z simulation: ..............................................................................................
2026-10-01T13:45:54.7810466Z visualization: ........................................................................................................................
2026-10-01T13:45:54.7813139Z 
2026-10-01T13:45:54.7895975Z ══ Failed ══════════════════════════════════════════════════════════════════════
2026-10-01T13:45:54.8349009Z ── 1. Error ('test_app.R:110:3'): the public modular app completes its browser s
2026-10-01T13:45:54.9329325Z Error in `app_initialize(self, private, app_dir = app_dir, ..., load_timeout = load_timeout, timeout = timeout, wait = wait, expect_values_screenshot_args = expect_values_screenshot_args, screenshot_args = screenshot_args, check_names = check_names, name = name, variant = variant, view = view, height = height, width = width, seed = seed, clean_logs = clean_logs, shiny_args = shiny_args, render_args = render_args, options = options)`: Chromote: timed out waiting for response to command Page.navigate
2026-10-01T13:45:54.9603715Z 
2026-10-01T13:45:54.9607757Z 
2026-10-01T13:45:55.1816487Z ℹ You can inspect the failed AppDriver object via `rlang::last_error()$app`
2026-10-01T13:45:55.1818233Z ℹ AppDriver logs:
2026-10-01T13:45:55.1844431Z {shinytest2} R info   13:41:49.05 Start AppDriver initialization
2026-10-01T13:45:55.1844978Z {shinytest2} R info   13:41:49.05 Starting Shiny app
2026-10-01T13:45:55.1845567Z {shinytest2} R info   13:41:55.04 Creating new ChromoteSession
2026-10-01T13:45:55.1846172Z {shinytest2} R info   13:41:55.29 Navigating to Shiny app
2026-10-01T13:45:55.1847257Z {shinytest2} R info   13:42:05.29 Error while initializing AppDriver:
2026-10-01T13:45:55.1847986Z                                   Chromote: timed out waiting for response to command Page.navigate
2026-10-01T13:45:55.1848654Z {shiny}      R stderr ----------- Loading required package: shiny
2026-10-01T13:45:55.1849263Z {shiny}      R stderr ----------- Running application in test mode.
2026-10-01T13:45:55.1849767Z {shiny}      R stderr ----------- 
2026-10-01T13:45:55.1850383Z {shiny}      R stderr ----------- Listening on http://127.0.0.1:6268
2026-10-01T13:45:55.1850744Z 
2026-10-01T13:45:55.1850840Z 
2026-10-01T13:45:55.1851074Z Caused by error:
2026-10-01T13:45:55.1851570Z ! Chromote: timed out waiting for response to command Page.navigate
2026-10-01T13:45:55.1852062Z Backtrace:
2026-10-01T13:45:55.1852474Z      ▆
2026-10-01T13:45:55.1853118Z   1. ├─shinytest2::AppDriver$new(...) at test_app.R:110:3
2026-10-01T13:45:55.1853691Z   2. │ └─shinytest2 (local) initialize(...)
2026-10-01T13:45:55.1854228Z   3. │   └─shinytest2:::app_initialize(...)
2026-10-01T13:45:55.1854745Z   4. │     ├─base::withCallingHandlers(...)
2026-10-01T13:45:55.1855369Z   5. │     └─shinytest2:::app_initialize_(self, private, ..., view = view)
2026-10-01T13:45:55.1856170Z   6. │       └─self$get_chromote_session()$Page$navigate(private$shiny_url$get())
2026-10-01T13:45:55.1856636Z   7. │         └─self$wait_for(p)
2026-10-01T13:45:55.1857137Z   8. │           └─self$parent$wait_for(p)
2026-10-01T13:45:55.1857766Z   9. │             └─chromote:::synchronize(p, loop = private$child_loop)
2026-10-01T13:45:55.1858411Z  10. │               ├─promises::with_promise_domain(...)
2026-10-01T13:45:55.1858964Z  11. │               │ └─domain$wrapSync(expr)
2026-10-01T13:45:55.1859636Z  12. │               │   └─base::force(expr)
2026-10-01T13:45:55.1860140Z  13. │               ├─base::tryCatch(...)
2026-10-01T13:45:55.1860809Z  14. │               │ └─base (local) tryCatchList(expr, classes, parentenv, handlers)
2026-10-01T13:45:55.1861584Z  15. │               │   └─base (local) tryCatchOne(expr, names, parentenv, handlers[[1L]])
2026-10-01T13:45:55.1862404Z  16. │               │     └─base (local) doTryCatch(return(expr), name, parentenv, handler)
2026-10-01T13:45:55.1863432Z  17. │               └─base::stop(value)
2026-10-01T13:45:55.1864023Z  18. └─shinytest2 (local) `<fn>`(`<smplErrr>`)
2026-10-01T13:45:55.1864597Z  19.   └─shinytest2:::app_abort(...)
2026-10-01T13:45:55.1865312Z  20.     └─rlang::abort(..., app = self, call = call)
2026-10-01T13:45:55.1865625Z 
2026-10-01T13:45:55.1866074Z ══ DONE ════════════════════════════════════════════════════════════════════════
2026-10-01T13:45:55.3845444Z Error:
2026-10-01T13:45:55.3846726Z ! Test failures.
2026-10-01T13:45:55.3853998Z Execution halted
2026-10-01T13:45:55.9451917Z ##[error]Process completed with exit code 1.
2026-10-01T13:45:56.7740104Z Post job cleanup.
2026-10-01T13:45:56.8230752Z ##[start-action display=Restore Renv package cache;id=__a825d255-91a8-499b-9ea6-87410723d3c0.__actions_cache]
2026-10-01T13:45:56.8232813Z ##[end-action id=__a825d255-91a8-499b-9ea6-87410723d3c0.__actions_cache;outcome=skipped;conclusion=skipped;duration_ms=0]
2026-10-01T13:45:57.0389878Z Post job cleanup.
2026-10-01T13:46:09.0133405Z [command]"C:\Program Files\Git\bin\git.exe" version
2026-10-01T13:46:11.6118682Z git version 2.55.0.windows.5
2026-10-01T13:46:11.8553595Z Temporarily overriding HOME='D:\a\_temp\9e3f3a8a-6ba6-42d7-ab26-d684699b15f9' before making global git config changes
2026-10-01T13:46:11.8556399Z Adding repository directory to the temporary git global config as a safe directory
2026-10-01T13:46:11.8868677Z [command]"C:\Program Files\Git\bin\git.exe" config --global --add safe.directory D:\a\lmplot\lmplot
2026-10-01T13:46:12.0772548Z [command]"C:\Program Files\Git\bin\git.exe" config --local --name-only --get-regexp core\.sshCommand
2026-10-01T13:46:12.1757178Z [command]"C:\Program Files\Git\bin\git.exe" submodule foreach --recursive "sh -c \"git config --local --name-only --get-regexp 'core\.sshCommand' && git config --local --unset-all 'core.sshCommand' || :\""
2026-10-01T13:46:18.5454185Z [command]"C:\Program Files\Git\bin\git.exe" config --local --name-only --get-regexp http\.https\:\/\/github\.com\/\.extraheader
2026-10-01T13:46:18.5643302Z http.https://github.com/.extraheader
2026-10-01T13:46:18.5679044Z [command]"C:\Program Files\Git\bin\git.exe" config --local --unset-all http.https://github.com/.extraheader
2026-10-01T13:46:18.6068473Z [command]"C:\Program Files\Git\bin\git.exe" submodule foreach --recursive "sh -c \"git config --local --name-only --get-regexp 'http\.https\:\/\/github\.com\/\.extraheader' && git config --local --unset-all 'http.https://github.com/.extraheader' || :\""
2026-10-01T13:46:19.0779120Z [command]"C:\Program Files\Git\bin\git.exe" config --local --name-only --get-regexp ^includeIf\.gitdir:
2026-10-01T13:46:19.1036985Z [command]"C:\Program Files\Git\bin\git.exe" submodule foreach --recursive "git config --local --show-origin --name-only --get-regexp remote.origin.url"
2026-10-01T13:46:19.6807153Z Cleaning up orphan processes
2026-10-01T13:46:19.7233001Z Terminate orphan process: pid (2756) (chrome)
2026-10-01T13:46:20.0815397Z Terminate orphan process: pid (6140) (chrome)
2026-10-01T13:46:21.0831754Z ##[warning]Node.js 20 is deprecated. The following actions target Node.js 20 but are being forced to run on Node.js 24: actions/checkout@v4. For more information see: https://github.blog/changelog/2025-09-19-deprecation-of-node-20-on-github-actions-runners/
