#0 building with "desktop-linux" instance using docker driver

#1 [internal] load build definition from Dockerfile
#1 transferring dockerfile: 2.49kB 0.0s done
#1 DONE 0.1s

#2 [internal] load metadata for docker.io/rocker/shiny:4.6.0@sha256:95a0d826be0bfc9bd41300385b35cf0ec074fc6b82cfaa92fddd7c6f6f2fd0dd
#2 DONE 0.1s

#3 [internal] load .dockerignore
#3 transferring context: 241B done
#3 DONE 0.0s

#4 [internal] load build context
#4 DONE 0.0s

#5 [ 1/13] FROM docker.io/rocker/shiny:4.6.0@sha256:95a0d826be0bfc9bd41300385b35cf0ec074fc6b82cfaa92fddd7c6f6f2fd0dd
#5 resolve docker.io/rocker/shiny:4.6.0@sha256:95a0d826be0bfc9bd41300385b35cf0ec074fc6b82cfaa92fddd7c6f6f2fd0dd 0.1s done
#5 DONE 0.1s

#4 [internal] load build context
#4 transferring context: 2.58kB 0.0s done
#4 DONE 0.1s

#6 [ 8/13] COPY app.R ./
#6 CACHED

#7 [11/13] COPY www/style.css ./www/style.css
#7 CACHED

#8 [ 5/13] COPY renv.lock .Rprofile ./
#8 CACHED

#9 [ 2/13] RUN apt-get update  && apt-get install -y --no-install-recommends       build-essential gfortran wget       libcurl4-openssl-dev libssl-dev libxml2-dev libgit2-dev libicu-dev       libnlopt-dev libglpk-dev       libfontconfig1-dev libfreetype6-dev libharfbuzz-dev libfribidi-dev       libpng-dev libjpeg-dev libtiff-dev  && rm -rf /var/lib/apt/lists/*
#9 CACHED

#10 [ 3/13] RUN apt-get update  && apt-get install -y --no-install-recommends libuv1-dev curl  && rm -rf /var/lib/apt/lists/*
#10 CACHED

#11 [ 7/13] RUN R --vanilla -s -e "Sys.setenv(LMPLOT_EXPLICIT_BOOTSTRAP='1'); source('renv/activate.R'); renv::restore(prompt = FALSE, clean = TRUE)"
#11 CACHED

#12 [10/13] COPY data/real/ ./data/real/
#12 CACHED

#13 [12/13] RUN printf '%s\n'       'run_as shiny;'       'server {'       '  listen 3838;'       '  location / {'       '    app_dir /srv/shiny-server/lmplot;'       '    log_dir /var/log/shiny-server;'       '  }'       '}' > /etc/shiny-server/shiny-server.conf  && chown shiny:shiny /srv/shiny-server/lmplot  && install -d -o shiny -g shiny       /var/log/shiny-server /var/lib/shiny-server /var/run/shiny-server       /var/shiny-server/sockets
#13 CACHED

#14 [ 6/13] COPY renv/activate.R ./renv/activate.R
#14 CACHED

#15 [ 9/13] COPY R/ ./R/
#15 CACHED

#16 [ 4/13] WORKDIR /srv/shiny-server/lmplot
#16 CACHED

#17 [13/13] RUN printf '\nR_USER_CACHE_DIR=/tmp/R-cache\n' >> /usr/local/lib/R/etc/Renviron.site
#17 CACHED

#18 exporting to image
#18 exporting layers 0.0s done
#18 exporting manifest sha256:61b4f6d10038488eed9c71bc42e4b8307b21531c28b376f2a5cf1fc3e7d48ded 0.0s done
#18 exporting config sha256:cb5aa645b78e3b0b491836984e74cd346405aa15eebe73d2a1fba7b9f06aaef7 0.0s done
#18 exporting attestation manifest sha256:fc854b970bfe10a58ef54132802613fd81b774d1ab65712fab9785f702f164a8 0.1s done
#18 exporting manifest list sha256:f26f975b23284a84d1647f645a45acab6c5151ee6ef6564bc670419590db8378
#18 exporting manifest list sha256:f26f975b23284a84d1647f645a45acab6c5151ee6ef6564bc670419590db8378 0.1s done
#18 naming to docker.io/library/lmplot:0.10.0-beta.1-local-20260923 0.0s done
#18 unpacking to docker.io/library/lmplot:0.10.0-beta.1-local-20260923 0.1s done
#18 DONE 0.5s
