Tracing function "renderPage" in package "namespace:shiny" 
Tracing function "sass_compile_theme" in package "namespace:bslib" 
Loading required package: shiny
Warning: package 'shiny' was built under R version 4.6.1 

Listening on http://127.0.0.1:6030 
HTTP 1 status 200 seconds 3.83 bytes 23580 
COLD_SASS_CACHE C:\Users\ktubi\AppData\Local\Temp\RtmpigjPhl\lmplot-sass-cold-2b6817d8268 

RENDER_START 1 16:11:04.244 

SASS_THEME_START 16:11:04.368 

SASS_THEME_END 16:11:06.001 

RENDER_END 1 3.77 



PROFILE 1 sampled_seconds 2.42 
                                total.time total.pct self.time self.pct
"..stacktracefloor.."                 2.42       100         0        0
"..stacktraceoff.."                   2.42       100         0        0
"<Anonymous>"                         2.42       100         0        0
"base::do.call"                       2.42       100         0        0
"base::saveRDS"                       2.42       100         0        0
"base::tryCatch"                      2.42       100         0        0
"base::withCallingHandlers"           2.42       100         0        0
"captureStackTraces"                  2.42       100         0        0
"compute"                             2.42       100         0        0
"do"                                  2.42       100         0        0
"domain$wrapSync"                     2.42       100         0        0
"doTryCatch"                          2.42       100         0        0
"execCallbacks"                       2.42       100         0        0
"force"                               2.42       100         0        0
"func"                                2.42       100         0        0
"handler"                             2.42       100         0        0
"handlers$invoke"                     2.42       100         0        0
"hybrid_chain"                        2.42       100         0        0
"promises::with_promise_domain"       2.42       100         0        0
"renderPage"                          2.42       100         0        0
"rookCall"                            2.42       100         0        0
"run_now"                             2.42       100         0        0
                self.time self.pct total.time total.pct
"file.copy"          0.90    37.19       0.91     37.60
"compile_data"       0.81    33.47       0.81     33.47
"file.info"          0.14     5.79       0.14      5.79
"dir"                0.07     2.89       0.07      2.89
"lapply"             0.04     1.65       2.40     99.17
"normalizePath"      0.04     1.65       0.04      1.65
"FUN"                0.03     1.24       2.40     99.17
"file"               0.03     1.24       0.03      1.24
"file.exists"        0.03     1.24       0.03      1.24
"vapply"             0.02     0.83       0.05      2.07
"paste"              0.02     0.83       0.04      1.65
"paste0"             0.02     0.83       0.04      1.65
HTTP 2 status 200 seconds 0.62 bytes 23580 
RENDER_START 2 16:11:08.119 

SASS_THEME_START 16:11:08.147 

SASS_THEME_END 16:11:08.250 

RENDER_END 2 0.59 



PROFILE 2 sampled_seconds 0.37 
                                total.time total.pct self.time self.pct
"..stacktracefloor.."                 0.37       100         0        0
"..stacktraceoff.."                   0.37       100         0        0
"<Anonymous>"                         0.37       100         0        0
"base::do.call"                       0.37       100         0        0
"base::saveRDS"                       0.37       100         0        0
"base::tryCatch"                      0.37       100         0        0
"base::withCallingHandlers"           0.37       100         0        0
"captureStackTraces"                  0.37       100         0        0
"compute"                             0.37       100         0        0
"do"                                  0.37       100         0        0
"domain$wrapSync"                     0.37       100         0        0
"doTryCatch"                          0.37       100         0        0
"execCallbacks"                       0.37       100         0        0
"force"                               0.37       100         0        0
"func"                                0.37       100         0        0
"handler"                             0.37       100         0        0
"handlers$invoke"                     0.37       100         0        0
"hybrid_chain"                        0.37       100         0        0
"promises::with_promise_domain"       0.37       100         0        0
"renderDocument"                      0.37       100         0        0
"renderPage"                          0.37       100         0        0
"rookCall"                            0.37       100         0        0
                self.time self.pct total.time total.pct
"file.info"          0.10    27.03       0.10     27.03
"dir"                0.05    13.51       0.05     13.51
"paste0"             0.03     8.11       0.03      8.11
"lapply"             0.02     5.41       0.35     94.59
"grepl"              0.02     5.41       0.02      5.41
"normalizePath"      0.02     5.41       0.02      5.41
"vapply"             0.01     2.70       0.03      8.11
"$"                  0.01     2.70       0.01      2.70
"%||%"               0.01     2.70       0.01      2.70
"as.list"            0.01     2.70       0.01      2.70
"dir.exists"         0.01     2.70       0.01      2.70
"file.exists"        0.01     2.70       0.01      2.70
