No issues found -- the project is in a consistent state.
R version 4.6.0 (2026-04-24 ucrt) 
$MBCS
[1] TRUE

$`UTF-8`
[1] TRUE

$`Latin-1`
[1] FALSE

$codepage
[1] 65001

$system.codepage
[1] 65001

             Package        Version 
renv         "renv"         "1.2.3" 
shiny        "shiny"        "1.14.0"
plotly       "plotly"       "4.12.0"
bslib        "bslib"        "0.11.0"
DT           "DT"           "0.34.0"
ggplot2      "ggplot2"      "4.0.3" 
ggfortify    "ggfortify"    "0.4.19"
lme4         "lme4"         "2.0-6" 
jsonlite     "jsonlite"     "2.0.0" 
shinyWidgets "shinyWidgets" "0.9.1" 
shinyAce     "shinyAce"     "0.4.4" 
testthat     "testthat"     "3.3.2" 
shinytest2   "shinytest2"   "0.5.1" 
chromote     "chromote"     "0.5.1" 
yaml         "yaml"         "2.3.12"
             Built                                                          
renv         "R 4.6.0; ; 2026-08-10 11:01:10 UTC; windows"                  
shiny        "R 4.6.1; ; 2026-08-07 02:38:32 UTC; windows"                  
plotly       "R 4.6.1; ; 2026-07-04 03:47:58 UTC; windows"                  
bslib        "R 4.6.0; ; 2026-08-10 11:04:04 UTC; windows"                  
DT           "R 4.6.1; ; 2026-08-07 03:20:20 UTC; windows"                  
ggplot2      "R 4.6.1; ; 2026-08-07 02:17:28 UTC; windows"                  
ggfortify    "R 4.6.1; ; 2026-07-16 03:37:08 UTC; windows"                  
lme4         "R 4.6.1; x86_64-w64-mingw32; 2026-08-07 02:17:34 UTC; windows"
jsonlite     "R 4.6.1; x86_64-w64-mingw32; 2026-08-07 00:42:43 UTC; windows"
shinyWidgets "R 4.6.1; ; 2026-08-07 02:59:01 UTC; windows"                  
shinyAce     "R 4.6.1; ; 2026-08-07 02:59:13 UTC; windows"                  
testthat     "R 4.6.1; x86_64-w64-mingw32; 2026-08-07 02:59:00 UTC; windows"
shinytest2   "R 4.6.1; x86_64-w64-mingw32; 2026-07-16 03:12:39 UTC; windows"
chromote     "R 4.6.1; ; 2026-07-16 02:22:39 UTC; windows"                  
yaml         "R 4.6.1; x86_64-w64-mingw32; 2026-08-07 00:42:43 UTC; windows"
acceptance: .........................................................................................................................
accessibility: .................................
analysis_request: ..............................................................................................................................................................................................................
app: .........................................................
app_structure: ............
cli_contract: ....................................................................................................................................................................................................
config: ..
deployment: ...............................................................................
eli5: ....................................................................................................
example_manifest: ............
example_sources: ............
examples: ................................................................................................
link_browser: ..
model: ....................................................................................................................................................
model_brain: ....................................................................................................................................................................................................................................................................
model_brain_contract: .........................................................................................................................................................................................................................................................................................................................................................................................................................................................................................................................................................................................................................................................................................................................................................................................................................................................................................................................................................................................................................................................................................................................................................................................................................................................................................................................................................................................................................................................................................................................................................................................................................................................................................................................................................................................................................................................................................................................................................................................................................................................................................................................................................................................................................................................................................................................................................................................................................................................................................................................................................................................................................................................................................................................................................................................................................................................................................................................................................................................................................................................................................................................................................................................................................................................................................................................................................................................................................................................................................................................................................................................................................................................................................................................................................................................................................................................................................................................................................................................................................................................................................................................................................................................................................................................................................................................................................................................................................................................................................................................................................................................................................................................................................................................................................................................................................................................................................................................................................................................................................................................................................................................................................................................................................................................................................................................................................................................................................................................................................................................................................................................................................................................................................................................................................................................................................................................................................................................................................................................................................................................................................................................................................................................................................................................................................................................................................................................................................................................................................................................................................................................................................................................................................................................................................................................................................................................................................................................................................................................................................................................................................................................................................................................................................................................................................................................................................................................................................................................................................................................................................................................................................................................................................................................................................................................................................................................................................................................................................................................................................................................................................................................................................................................................................................................................................................................................................................................................................................................................................................................................................................................................................................................................................................................................................................................................................................................................................................................................................................................................................................................................................................................................................................................................................................................................
MODEL_BRAIN_BUDGET elapsed=0.440 seconds bytes=33598128
.....
model_brain_ui: ..................................................................................................................................................................W.......................
model_diagnostics: .......................................................................
model_fitting: ....
pipeline: .........................................................................................................................................................
production_entrypoints: .........
real_data_acceptance: ..................................................
release: .........................................................................................................................................
scientific_copy: .....................................................................................................................
scientific_copy_tables: ................
scientific_metadata: ...............................................................................................................................................................................................................
server: .....................................................................................................................................................
shiny_modules: .................................................
simulation: ..............................................................................................
visualization: ........................................................................................................................

══ Warnings ════════════════════════════════════════════════════════════════════
1. selection is shared, generation guarded and navigation never recomputes analysis ('test_model_brain_ui.R:84:3') - package 'shiny' was built under R version 4.6.1

══ DONE ════════════════════════════════════════════════════════════════════════
Warning message:
package 'testthat' was built under R version 4.6.1 
TOTAL files: 30 tests: 172 passed: 11607 failed: 0 errors: 0 skips: 0 warnings: 1 
